{"log_id": "log_000", "raw_log": "[45230.891012] swapper/3: page allocation failure: order:1, mode:0x2080020(GFP_ATOMIC|__GFP_COMP), nodemask=(null)\n[45230.891018] CPU: 3 PID: 0 Comm: swapper/3 Not tainted 5.4.0-150-generic #167-Ubuntu\n[45230.891020] Hardware name: Dell Inc. PowerEdge R640\n[45230.891025] Call Trace:\n[45230.891030]  <IRQ>\n[45230.891035]  dump_stack+0x6d/0x8b\n[45230.891040]  warn_alloc+0x100/0x160\n[45230.891045]  __alloc_pages_nodemask+0x12b8/0x1350\n[45230.891050]  </IRQ>\n[45230.891200] Node 0 DMA32 free:8240kB min:5560kB low:6948kB high:8340kB active_anon:840200kB inactive_anon:12048kB\n[45230.891210] Node 0 Normal free:18320kB min:16680kB low:20848kB high:25020kB active_anon:3120400kB inactive_anon:98200kB\n[45230.891300] Node 0 DMA32: 1820*4kB (UME) 112*8kB (UME) 0*16kB 0*32kB 0*64kB 0*128kB 0*256kB 0*512kB 0*1024kB 0*2048kB 0*4096kB = 8176kB\n[45230.891310] Node 0 Normal: 4200*4kB (UME) 140*8kB (M) 0*16kB 0*32kB 0*64kB 0*128kB 0*256kB 0*512kB 0*1024kB 0*2048kB 0*4096kB = 17920kB\n[45230.891400] Swap:  SwapTotal:  2097152 kB   SwapFree:  1048576 kB\n[45230.891410] 2097152 pages RAM\n[45230.891500] nginx invoked oom-killer: gfp_mask=0x2080020(GFP_ATOMIC|__GFP_COMP), order=1, oom_score_adj=0\n[45230.891510] CPU: 1 PID: 8832 Comm: nginx Not tainted 5.4.0-150-generic #167-Ubuntu\n[45230.891600] oom-kill:constraint=CONSTRAINT_NONE,nodemask=(null),cpuset=/,mems_allowed=0,global_oom,task_memcg=/,task=nginx,pid=8832,uid=33\n[45230.891700] [  pid  ]   uid  tgid total_vm      rss pgtables_bytes swapents oom_score_adj name\n[45230.891710] [    420]     0   420    56372    10244   163840        0         -1000 systemd-journal\n[45230.891720] [    580]     0   580    27684     3012    81920        0         -1000 sshd\n[45230.891730] [   2100]     0  2100   125000    98000   802816        0             0 mysqld\n[45230.891740] [   8830]    33  8830    85200    72400   593920        0             0 nginx\n[45230.891750] [   8831]    33  8831    85200    71800   589824        0             0 nginx\n[45230.891760] [   8832]    33  8832    85200    73200   598016        0             0 nginx\n[45230.891770] [   8833]    33  8833    85200    71200   585728        0             0 nginx\n[45230.891780] [   9500]     0  9500    32000    18400   151552        0             0 fail2ban-server\n[45230.891900] Out of memory: Killed process 8832 (nginx) total-vm:340800kB, anon-rss:292800kB, file-rss:0kB, shmem-rss:0kB, UID:33", "parsed_fields": {"kernel_version": "5.4.0-150-generic", "invoked_by": "nginx", "gfp_mask": "0x2080020", "order": 1, "total_ram_pages": 2097152, "swap_total_kb": 2097152, "swap_free_kb": 1048576, "zone_info": [{"zone": "DMA32", "free": 8240, "min": 5560}, {"zone": "Normal", "free": 18320, "min": 16680}], "process_table": [{"pid": 2100, "uid": 0, "name": "mysqld", "rss_kb": 392000, "oom_score_adj": 0}, {"pid": 8832, "uid": 33, "name": "nginx", "rss_kb": 292800, "oom_score_adj": 0}, {"pid": 8830, "uid": 33, "name": "nginx", "rss_kb": 289600, "oom_score_adj": 0}, {"pid": 8831, "uid": 33, "name": "nginx", "rss_kb": 287200, "oom_score_adj": 0}, {"pid": 8833, "uid": 33, "name": "nginx", "rss_kb": 284800, "oom_score_adj": 0}, {"pid": 9500, "uid": 0, "name": "fail2ban-server", "rss_kb": 73600, "oom_score_adj": 0}, {"pid": 420, "uid": 0, "name": "systemd-journal", "rss_kb": 40976, "oom_score_adj": -1000}, {"pid": 580, "uid": 0, "name": "sshd", "rss_kb": 12048, "oom_score_adj": -1000}], "killed_process": {"pid": 8832, "name": "nginx"}, "killed_rss_kb": 292800, "constraint": "CONSTRAINT_NONE", "cgroup_path": null, "cgroup_usage_kb": null, "cgroup_limit_kb": null, "cgroup_failcnt": null}, "log_env": {"kernel_version": "5.4.0-150-generic", "collected_env": "online collection + LLM variation", "is_synthetic": true, "vm_spec": "8vCPU, 8GB RAM, 2GB swap", "os": "Ubuntu 20.04", "reproduce_method": null}}
{"log_id": "log_001", "raw_log": "[78432.112340] gnome-shell: page allocation failure: order:4, mode:0x40cc0(GFP_KERNEL|__GFP_COMP), nodemask=(null),cpuset=/,mems_allowed=0\n[78432.112345] CPU: 2 PID: 823 Comm: gnome-shell Tainted: P OE 5.9.1-arch1-1 #1\n[78432.112350] Hardware name: MSI MS-7816/Z97-G43\n[78432.112355] Call Trace:\n[78432.112360]  dump_stack+0x6b/0x88\n[78432.112365]  warn_alloc.cold+0x78/0xdc\n[78432.112370]  __alloc_pages_nodemask+0x12b8/0x1350\n[78432.112375]  kmalloc_order+0x28/0x80\n[78432.112380]  __kmalloc+0x25b/0x290\n[78432.112385]  nvkms_alloc+0x20/0x50 [nvidia_modeset]\n[78432.112500] Mem-Info:\n[78432.112505] active_anon:1205340 inactive_anon:35200 isolated_anon:0\n[78432.112510] active_file:72000 inactive_file:58400 isolated_file:0\n[78432.112515] unevictable:0 dirty:120 writeback:0 unstable:0\n[78432.112520] slab_reclaimable:48200 slab_unreclaimable:25600\n[78432.112525] mapped:34000 shmem:12800 pagetables:18200 bounce:0\n[78432.112600] Node 0 DMA32 free:52480kB min:5040kB low:6300kB high:7560kB\n[78432.112610] Node 0 Normal free:136156kB min:30040kB low:37548kB high:45060kB\n[78432.112700] Node 0 DMA32: 585*4kB (UME) 420*8kB (UME) 180*16kB (UME) 45*32kB (M) 0*64kB 0*128kB 0*256kB 0*512kB 0*1024kB 0*2048kB 0*4096kB = 10200kB\n[78432.112710] Node 0 Normal: 11851*4kB (UME) 8402*8kB (UME) 1120*16kB (UME) 113*32kB (UME) 0*64kB 0*128kB 0*256kB 0*512kB 0*1024kB 0*2048kB 0*4096kB = 136156kB\n[78432.112800] Swap:  SwapTotal:  8388604 kB   SwapFree:  6286076 kB\n[78432.112810] 2084196 pages RAM\n[78432.112820] 0 pages HighMem/MovableOnly\n[78432.112830] 59791 pages reserved\n[78432.112900] gnome-shell invoked oom-killer: gfp_mask=0x40cc0(GFP_KERNEL|__GFP_COMP), order=4, oom_score_adj=0\n[78432.113000] [  pid  ]   uid  tgid total_vm      rss pgtables_bytes swapents oom_score_adj name\n[78432.113010] [    512]     0   512    56372    10244   163840        0         -1000 systemd-journal\n[78432.113020] [    823]  1000   823   980000   620800  5079040    12000             0 gnome-shell\n[78432.113030] [   1200]  1000  1200   450000   280000  2293760     5000             0 firefox\n[78432.113040] [   1201]  1000  1201   380000   240000  1966080     4000             0 firefox\n[78432.113050] [   1202]  1000  1202   350000   210000  1720320     3200             0 firefox\n[78432.113060] [   3500]  1000  3500   120000    85000   696320     1800             0 code\n[78432.113070] [   3600]  1000  3600    95000    62000   507904      800             0 code\n[78432.113200] oom-kill:constraint=CONSTRAINT_NONE,nodemask=(null),cpuset=/,mems_allowed=0,global_oom,task_memcg=/,task=gnome-shell,pid=823,uid=1000\n[78432.113300] Out of memory: Killed process 823 (gnome-shell) total-vm:3920000kB, anon-rss:2483200kB, file-rss:0kB, shmem-rss:0kB, UID:1000", "parsed_fields": {"kernel_version": "5.9.1-arch1-1", "invoked_by": "gnome-shell", "gfp_mask": "0x40cc0", "order": 4, "total_ram_pages": 2084196, "swap_total_kb": 8388604, "swap_free_kb": 6286076, "zone_info": [{"zone": "DMA32", "free": 52480, "min": 5040}, {"zone": "Normal", "free": 136156, "min": 30040}], "process_table": [{"pid": 823, "uid": 1000, "name": "gnome-shell", "rss_kb": 2483200, "oom_score_adj": 0}, {"pid": 1200, "uid": 1000, "name": "firefox", "rss_kb": 1120000, "oom_score_adj": 0}, {"pid": 1201, "uid": 1000, "name": "firefox", "rss_kb": 960000, "oom_score_adj": 0}, {"pid": 1202, "uid": 1000, "name": "firefox", "rss_kb": 840000, "oom_score_adj": 0}, {"pid": 3500, "uid": 1000, "name": "code", "rss_kb": 340000, "oom_score_adj": 0}, {"pid": 3600, "uid": 1000, "name": "code", "rss_kb": 248000, "oom_score_adj": 0}, {"pid": 512, "uid": 0, "name": "systemd-journal", "rss_kb": 40976, "oom_score_adj": -1000}], "killed_process": {"pid": 823, "name": "gnome-shell"}, "killed_rss_kb": 2483200, "constraint": "CONSTRAINT_NONE", "cgroup_path": null, "cgroup_usage_kb": null, "cgroup_limit_kb": null, "cgroup_failcnt": null}, "log_env": {"kernel_version": "5.9.1-arch1-1", "collected_env": "online collection (Arch Linux forum) + LLM variation", "is_synthetic": true, "vm_spec": "4-core desktop, 8GB RAM, 8GB swap", "os": "Arch Linux", "reproduce_method": null}}
{"log_id": "log_002", "raw_log": "[92100.334500] java: page allocation failure: order:2, mode:0x26080c0(GFP_KERNEL|__GFP_COMP|__GFP_ZERO), nodemask=(null)\n[92100.334505] CPU: 5 PID: 4200 Comm: java Not tainted 4.14.154-99.181.amzn1.x86_64 #1\n[92100.334510] Hardware name: Xen HVM domU, BIOS 4.2.amazon\n[92100.334515] Call Trace:\n[92100.334520]  dump_stack+0x46/0x68\n[92100.334525]  warn_alloc+0x100/0x160\n[92100.334530]  __alloc_pages_nodemask+0x12b8/0x1350\n[92100.334600] Node 0 Normal free:42200kB min:41280kB low:51600kB high:61920kB\n[92100.334610] Node 0 Normal: 9800*4kB (UME) 520*8kB (UM) 0*16kB 0*32kB 0*64kB 0*128kB 0*256kB 0*512kB 0*1024kB 0*2048kB 0*4096kB = 43360kB\n[92100.334700] Swap:  SwapTotal:        0 kB   SwapFree:        0 kB\n[92100.334710] 1048576 pages RAM\n[92100.334800] java invoked oom-killer: gfp_mask=0x26080c0, order=2, oom_score_adj=0\n[92100.334810] CPU: 5 PID: 4200 Comm: java Not tainted 4.14.154-99.181.amzn1.x86_64 #1\n[92100.334900] oom-kill:constraint=CONSTRAINT_NONE,nodemask=(null),cpuset=/,mems_allowed=0,global_oom,task_memcg=/,task=java,pid=4200,uid=1000\n[92100.335000] [  pid  ]   uid  tgid total_vm      rss pgtables_bytes swapents oom_score_adj name\n[92100.335010] [    310]     0   310    56372     8200   131072        0         -1000 systemd-journal\n[92100.335020] [    450]     0   450    27684     2800    65536        0         -1000 sshd\n[92100.335030] [   4200]  1000  4200   1200000   860000  7045120        0             0 java\n[92100.335040] [   4201]  1000  4201    85000    52000   425984        0             0 java\n[92100.335050] [   4300]     0  4300    45000    28000   229376        0             0 collectd\n[92100.335060] [   4400]     0  4400    32000    16000   131072        0             0 amazon-ssm-agen\n[92100.335200] Out of memory: Killed process 4200 (java) total-vm:4800000kB, anon-rss:3440000kB, file-rss:0kB, shmem-rss:0kB, UID:1000", "parsed_fields": {"kernel_version": "4.14.154-99.181.amzn1.x86_64", "invoked_by": "java", "gfp_mask": "0x26080c0", "order": 2, "total_ram_pages": 1048576, "swap_total_kb": 0, "swap_free_kb": 0, "zone_info": [{"zone": "Normal", "free": 42200, "min": 41280}], "process_table": [{"pid": 4200, "uid": 1000, "name": "java", "rss_kb": 3440000, "oom_score_adj": 0}, {"pid": 4201, "uid": 1000, "name": "java", "rss_kb": 208000, "oom_score_adj": 0}, {"pid": 4300, "uid": 0, "name": "collectd", "rss_kb": 112000, "oom_score_adj": 0}, {"pid": 4400, "uid": 0, "name": "amazon-ssm-agen", "rss_kb": 64000, "oom_score_adj": 0}, {"pid": 310, "uid": 0, "name": "systemd-journal", "rss_kb": 32800, "oom_score_adj": -1000}, {"pid": 450, "uid": 0, "name": "sshd", "rss_kb": 11200, "oom_score_adj": -1000}], "killed_process": {"pid": 4200, "name": "java"}, "killed_rss_kb": 3440000, "constraint": "CONSTRAINT_NONE", "cgroup_path": null, "cgroup_usage_kb": null, "cgroup_limit_kb": null, "cgroup_failcnt": null}, "log_env": {"kernel_version": "4.14.154-99.181.amzn1.x86_64", "collected_env": "online collection (AWS forum/blog) + LLM variation", "is_synthetic": true, "vm_spec": "8vCPU, 4GB RAM, no swap (AWS EC2)", "os": "Amazon Linux AMI", "reproduce_method": null}}
{"log_id": "log_003", "raw_log": "[692354.650300] SLUB: Unable to allocate memory on node -1 (gfp=0x20)\n[692354.650305] cache: kmalloc-8192, object size: 8192, buffer size: 8192, default order: 3, min order: 1\n[692354.650308] node 0: slabs: 132, objs: 489, free: 0\n[692354.650311] kworker/0:1H: page allocation failure: order:1, mode:0x204020(GFP_ATOMIC|GFP_NOIO), nodemask=(null)\n[692354.650316] CPU: 0 PID: 480 Comm: kworker/0:1H Kdump: loaded Tainted: P OE 3.10.0-957.el7.x86_64 #1\n[692354.650318] Hardware name: HP HP Z4 G4 Workstation\n[692354.650320] Workqueue: kblockd blk_mq_run_work_fn\n[692354.650325] Call Trace:\n[692354.650330]  <IRQ>\n[692354.650335]  dump_stack+0x19/0x1b\n[692354.650340]  warn_alloc_failed+0x110/0x180\n[692354.650345]  __alloc_pages_nodemask+0x9b4/0xbb0\n[692354.650350]  new_slab+0x2fc/0x310\n[692354.650355]  __kmalloc+0x1c0/0x230\n[692354.650360]  nvme_queue_rq+0xb4/0x8d0 [nvme]\n[692354.650365]  </IRQ>\n[692354.650500] Node 0 Normal free:32400kB min:30120kB low:37648kB high:45180kB\n[692354.650510] Node 0 Normal: 7600*4kB (UME) 200*8kB (U) 0*16kB 0*32kB 0*64kB 0*128kB 0*256kB 0*512kB 0*1024kB 0*2048kB 0*4096kB = 32000kB\n[692354.650600] Swap:  SwapTotal:  4194304 kB   SwapFree:  3145728 kB\n[692354.650610] 4194304 pages RAM\n[692354.650700] kworker/0:1H invoked oom-killer: gfp_mask=0x204020, order=1, oom_score_adj=0\n[692354.650800] oom-kill:constraint=CONSTRAINT_NONE,nodemask=(null),cpuset=/,mems_allowed=0,global_oom,task_memcg=/,task=postgres,pid=5200,uid=26\n[692354.650900] [  pid  ]   uid  tgid total_vm      rss pgtables_bytes swapents oom_score_adj name\n[692354.650910] [    380]     0   380    56372     9800   155648        0         -1000 systemd-journal\n[692354.650920] [    520]     0   520    27684     2400    57344        0         -1000 sshd\n[692354.650930] [   5200]    26  5200  1500000  1180000  9666560    28000             0 postgres\n[692354.650940] [   5201]    26  5201   200000   145000  1187840     3200             0 postgres\n[692354.650950] [   5202]    26  5202   180000   120000   983040     2800             0 postgres\n[692354.650960] [   5300]     0  5300    85000    52000   425984        0             0 prometheus\n[692354.651000] Out of memory: Killed process 5200 (postgres) total-vm:6000000kB, anon-rss:4720000kB, file-rss:0kB, shmem-rss:0kB, UID:26", "parsed_fields": {"kernel_version": "3.10.0-957.el7.x86_64", "invoked_by": "kworker/0:1H", "gfp_mask": "0x204020", "order": 1, "total_ram_pages": 4194304, "swap_total_kb": 4194304, "swap_free_kb": 3145728, "zone_info": [{"zone": "Normal", "free": 32400, "min": 30120}], "process_table": [{"pid": 5200, "uid": 26, "name": "postgres", "rss_kb": 4720000, "oom_score_adj": 0}, {"pid": 5201, "uid": 26, "name": "postgres", "rss_kb": 580000, "oom_score_adj": 0}, {"pid": 5202, "uid": 26, "name": "postgres", "rss_kb": 480000, "oom_score_adj": 0}, {"pid": 5300, "uid": 0, "name": "prometheus", "rss_kb": 208000, "oom_score_adj": 0}, {"pid": 380, "uid": 0, "name": "systemd-journal", "rss_kb": 39200, "oom_score_adj": -1000}, {"pid": 520, "uid": 0, "name": "sshd", "rss_kb": 9600, "oom_score_adj": -1000}], "killed_process": {"pid": 5200, "name": "postgres"}, "killed_rss_kb": 4720000, "constraint": "CONSTRAINT_NONE", "cgroup_path": null, "cgroup_usage_kb": null, "cgroup_limit_kb": null, "cgroup_failcnt": null}, "log_env": {"kernel_version": "3.10.0-957.el7.x86_64", "collected_env": "online collection (Red Hat KB) + LLM variation", "is_synthetic": true, "vm_spec": "workstation, 16GB RAM, 4GB swap, NVMe SSD", "os": "RHEL 7 / CentOS 7", "reproduce_method": null}}
{"log_id": "log_004", "raw_log": "[34521.882100] glusterfsd: page allocation failure: order:1, mode:0x20(GFP_ATOMIC), nodemask=(null)\n[34521.882105] CPU: 2 PID: 9100 Comm: glusterfsd Not tainted 3.10.0-862.el7.x86_64 #1\n[34521.882110] Hardware name: Dell Inc. PowerEdge R730\n[34521.882115] Call Trace:\n[34521.882120]  <IRQ>\n[34521.882125]  dump_stack+0x19/0x1b\n[34521.882130]  warn_alloc_failed+0x110/0x180\n[34521.882135]  __alloc_pages_nodemask+0x9b4/0xbb0\n[34521.882140]  kmem_getpages+0x62/0x170\n[34521.882145]  fallback_alloc+0x1ba/0x270\n[34521.882150]  cache_grow+0x2cf/0x320\n[34521.882155]  sk_prot_alloc+0x48/0x1c0\n[34521.882160]  tcp_create_openreq_child+0x23/0x450\n[34521.882165]  </IRQ>\n[34521.882300] Node 0 DMA32 free:6800kB min:5200kB low:6500kB high:7800kB\n[34521.882310] Node 0 Normal free:22400kB min:21600kB low:27000kB high:32400kB\n[34521.882400] Node 0 DMA32: 1500*4kB (UME) 100*8kB (U) 0*16kB 0*32kB 0*64kB 0*128kB 0*256kB 0*512kB 0*1024kB 0*2048kB 0*4096kB = 6800kB\n[34521.882410] Node 0 Normal: 5200*4kB (UME) 200*8kB (U) 0*16kB 0*32kB 0*64kB 0*128kB 0*256kB 0*512kB 0*1024kB 0*2048kB 0*4096kB = 22400kB\n[34521.882500] Swap:  SwapTotal:  8388608 kB   SwapFree:  6291456 kB\n[34521.882510] 8388608 pages RAM\n[34521.882600] glusterfsd invoked oom-killer: gfp_mask=0x20, order=1, oom_score_adj=0\n[34521.882700] oom-kill:constraint=CONSTRAINT_NONE,nodemask=(null),cpuset=/,mems_allowed=0-1,global_oom,task_memcg=/,task=glusterfsd,pid=9100,uid=0\n[34521.882800] [  pid  ]   uid  tgid total_vm      rss pgtables_bytes swapents oom_score_adj name\n[34521.882810] [    310]     0   310    56372    10244   163840        0         -1000 systemd-journal\n[34521.882820] [    500]     0   500    27684     3012    81920        0         -1000 sshd\n[34521.882830] [   9100]     0  9100   800000   620000  5079040    15000             0 glusterfsd\n[34521.882840] [   9200]     0  9200   600000   480000  3932160    12000             0 glusterfsd\n[34521.882850] [   9300]     0  9300   400000   310000  2539520     8000             0 qemu-kvm\n[34521.882860] [   9400]     0  9400   350000   260000  2129920     6000             0 qemu-kvm\n[34521.882870] [   9500]     0  9500   120000    85000   696320     2000             0 libvirtd\n[34521.882900] Out of memory: Killed process 9100 (glusterfsd) total-vm:3200000kB, anon-rss:2480000kB, file-rss:0kB, shmem-rss:0kB, UID:0", "parsed_fields": {"kernel_version": "3.10.0-862.el7.x86_64", "invoked_by": "glusterfsd", "gfp_mask": "0x20", "order": 1, "total_ram_pages": 8388608, "swap_total_kb": 8388608, "swap_free_kb": 6291456, "zone_info": [{"zone": "DMA32", "free": 6800, "min": 5200}, {"zone": "Normal", "free": 22400, "min": 21600}], "process_table": [{"pid": 9100, "uid": 0, "name": "glusterfsd", "rss_kb": 2480000, "oom_score_adj": 0}, {"pid": 9200, "uid": 0, "name": "glusterfsd", "rss_kb": 1920000, "oom_score_adj": 0}, {"pid": 9300, "uid": 0, "name": "qemu-kvm", "rss_kb": 1240000, "oom_score_adj": 0}, {"pid": 9400, "uid": 0, "name": "qemu-kvm", "rss_kb": 1040000, "oom_score_adj": 0}, {"pid": 9500, "uid": 0, "name": "libvirtd", "rss_kb": 340000, "oom_score_adj": 0}, {"pid": 310, "uid": 0, "name": "systemd-journal", "rss_kb": 40976, "oom_score_adj": -1000}, {"pid": 500, "uid": 0, "name": "sshd", "rss_kb": 12048, "oom_score_adj": -1000}], "killed_process": {"pid": 9100, "name": "glusterfsd"}, "killed_rss_kb": 2480000, "constraint": "CONSTRAINT_NONE", "cgroup_path": null, "cgroup_usage_kb": null, "cgroup_limit_kb": null, "cgroup_failcnt": null}, "log_env": {"kernel_version": "3.10.0-862.el7.x86_64", "collected_env": "online collection (Red Hat KB + GlusterFS reports) + LLM variation", "is_synthetic": true, "vm_spec": "multi-core server, 32GB RAM, 8GB swap, hyperconverged (GlusterFS + KVM)", "os": "RHEL 7 / CentOS 7", "reproduce_method": null}}
{"log_id": "log_005", "raw_log": "[15200.443200] python3: page allocation failure: order:1, mode:0x2080020(GFP_ATOMIC|__GFP_COMP), nodemask=(null)\n[15200.443205] CPU: 1 PID: 12500 Comm: python3 Not tainted 5.15.0-76-generic #83-Ubuntu\n[15200.443210] Hardware name: QEMU Standard PC (Q35 + ICH9, 2009)\n[15200.443215] Call Trace:\n[15200.443220]  dump_stack_lvl+0x49/0x5f\n[15200.443225]  warn_alloc+0x100/0x160\n[15200.443230]  __alloc_pages_slowpath.constprop.0+0xcdd/0xd10\n[15200.443400] Node 0 DMA32 free:12800kB min:8040kB low:10048kB high:12060kB\n[15200.443410] Node 0 Normal free:15600kB min:14200kB low:17748kB high:21300kB\n[15200.443500] Node 0 DMA32: 2800*4kB (UME) 200*8kB (UM) 0*16kB 0*32kB 0*64kB 0*128kB 0*256kB 0*512kB 0*1024kB 0*2048kB 0*4096kB = 12800kB\n[15200.443510] Node 0 Normal: 3400*4kB (UME) 200*8kB (M) 0*16kB 0*32kB 0*64kB 0*128kB 0*256kB 0*512kB 0*1024kB 0*2048kB 0*4096kB = 15200kB\n[15200.443600] Swap:  SwapTotal:        0 kB   SwapFree:        0 kB\n[15200.443610] 524288 pages RAM\n[15200.443700] python3 invoked oom-killer: gfp_mask=0x2080020, order=1, oom_score_adj=0\n[15200.443800] oom-kill:constraint=CONSTRAINT_NONE,nodemask=(null),cpuset=/,mems_allowed=0,global_oom,task_memcg=/,task=python3,pid=12500,uid=0\n[15200.443900] [  pid  ]   uid  tgid total_vm      rss pgtables_bytes swapents oom_score_adj name\n[15200.443910] [    280]     0   280    56372     8800   139264        0         -1000 systemd-journal\n[15200.443920] [    420]     0   420    27684     2200    53248        0         -1000 sshd\n[15200.443930] [  12500]     0 12500   350000   260000  2129920        0             0 python3\n[15200.443940] [  12600]     0 12600   250000   185000  1515520        0             0 celery\n[15200.443950] [  12700]   999 12700    95000    68000   557056        0             0 redis-server\n[15200.444000] Out of memory: Killed process 12500 (python3) total-vm:1400000kB, anon-rss:1040000kB, file-rss:0kB, shmem-rss:0kB, UID:0", "parsed_fields": {"kernel_version": "5.15.0-76-generic", "invoked_by": "python3", "gfp_mask": "0x2080020", "order": 1, "total_ram_pages": 524288, "swap_total_kb": 0, "swap_free_kb": 0, "zone_info": [{"zone": "DMA32", "free": 12800, "min": 8040}, {"zone": "Normal", "free": 15600, "min": 14200}], "process_table": [{"pid": 12500, "uid": 0, "name": "python3", "rss_kb": 1040000, "oom_score_adj": 0}, {"pid": 12600, "uid": 0, "name": "celery", "rss_kb": 740000, "oom_score_adj": 0}, {"pid": 12700, "uid": 999, "name": "redis-server", "rss_kb": 272000, "oom_score_adj": 0}, {"pid": 280, "uid": 0, "name": "systemd-journal", "rss_kb": 35200, "oom_score_adj": -1000}, {"pid": 420, "uid": 0, "name": "sshd", "rss_kb": 8800, "oom_score_adj": -1000}], "killed_process": {"pid": 12500, "name": "python3"}, "killed_rss_kb": 1040000, "constraint": "CONSTRAINT_NONE", "cgroup_path": null, "cgroup_usage_kb": null, "cgroup_limit_kb": null, "cgroup_failcnt": null}, "log_env": {"kernel_version": "5.15.0-76-generic", "collected_env": "online collection (Docker GitHub) + LLM variation", "is_synthetic": true, "vm_spec": "2vCPU, 2GB RAM, no swap (cloud VM)", "os": "Ubuntu 22.04", "reproduce_method": null}}
{"log_id": "log_006", "raw_log": "[120050.990100] mongod: page allocation failure: order:3, mode:0x26040c0(GFP_KERNEL|__GFP_COMP|__GFP_ZERO), nodemask=(null)\n[120050.990105] CPU: 12 PID: 6800 Comm: mongod Not tainted 4.18.0-425.el8.x86_64 #1\n[120050.990110] Hardware name: Supermicro X10DRi/X10DRi, BIOS 3.3 02/21/2019\n[120050.990115] Call Trace:\n[120050.990120]  dump_stack+0x5c/0x80\n[120050.990125]  warn_alloc+0x100/0x160\n[120050.990130]  __alloc_pages_nodemask+0x12b8/0x1350\n[120050.990135]  alloc_pages_current+0x95/0x140\n[120050.990140]  __get_free_pages+0x14/0x40\n[120050.990300] Node 0 DMA32 free:14200kB min:4800kB low:6000kB high:7200kB\n[120050.990310] Node 0 Normal free:85000kB min:42400kB low:53000kB high:63600kB\n[120050.990320] Node 1 Normal free:72000kB min:41200kB low:51500kB high:61800kB\n[120050.990400] Node 0 DMA32: 3200*4kB (UME) 150*8kB (UM) 20*16kB (M) 5*32kB (M) 0*64kB 0*128kB 0*256kB 0*512kB 0*1024kB 0*2048kB 0*4096kB = 14480kB\n[120050.990410] Node 0 Normal: 18000*4kB (UME) 1500*8kB (UME) 200*16kB (UM) 50*32kB (M) 0*64kB 0*128kB 0*256kB 0*512kB 0*1024kB 0*2048kB 0*4096kB = 88800kB\n[120050.990420] Node 1 Normal: 15000*4kB (UME) 1200*8kB (UME) 180*16kB (UM) 40*32kB (M) 0*64kB 0*128kB 0*256kB 0*512kB 0*1024kB 0*2048kB 0*4096kB = 73760kB\n[120050.990500] Swap:  SwapTotal: 16777216 kB   SwapFree:  8388608 kB\n[120050.990510] 16777216 pages RAM\n[120050.990600] mongod invoked oom-killer: gfp_mask=0x26040c0, order=3, oom_score_adj=0\n[120050.990700] oom-kill:constraint=CONSTRAINT_NONE,nodemask=(null),cpuset=/,mems_allowed=0-1,global_oom,task_memcg=/,task=mongod,pid=6800,uid=997\n[120050.990800] [  pid  ]   uid  tgid total_vm      rss pgtables_bytes swapents oom_score_adj name\n[120050.990810] [    420]     0   420    56372    12000   180224        0         -1000 systemd-journal\n[120050.990820] [    650]     0   650    27684     3200    77824        0         -1000 sshd\n[120050.990830] [   6800]   997  6800  8000000  6200000 50724864   180000             0 mongod\n[120050.990840] [   6900]   997  6900  1200000   850000  6963200    45000             0 mongod\n[120050.990850] [   7000]     0  7000   500000   380000  3112960    12000             0 elasticsearch\n[120050.990860] [   7100]     0  7100   250000   180000  1474560     5000             0 filebeat\n[120050.990870] [   7200]     0  7200   120000    72000   589824     2000             0 telegraf\n[120050.991000] Out of memory: Killed process 6800 (mongod) total-vm:32000000kB, anon-rss:24800000kB, file-rss:0kB, shmem-rss:0kB, UID:997", "parsed_fields": {"kernel_version": "4.18.0-425.el8.x86_64", "invoked_by": "mongod", "gfp_mask": "0x26040c0", "order": 3, "total_ram_pages": 16777216, "swap_total_kb": 16777216, "swap_free_kb": 8388608, "zone_info": [{"zone": "DMA32", "free": 14200, "min": 4800}, {"zone": "Normal", "free": 85000, "min": 42400}, {"zone": "Normal", "free": 72000, "min": 41200}], "process_table": [{"pid": 6800, "uid": 997, "name": "mongod", "rss_kb": 24800000, "oom_score_adj": 0}, {"pid": 6900, "uid": 997, "name": "mongod", "rss_kb": 3400000, "oom_score_adj": 0}, {"pid": 7000, "uid": 0, "name": "elasticsearch", "rss_kb": 1520000, "oom_score_adj": 0}, {"pid": 7100, "uid": 0, "name": "filebeat", "rss_kb": 720000, "oom_score_adj": 0}, {"pid": 7200, "uid": 0, "name": "telegraf", "rss_kb": 288000, "oom_score_adj": 0}, {"pid": 420, "uid": 0, "name": "systemd-journal", "rss_kb": 48000, "oom_score_adj": -1000}, {"pid": 650, "uid": 0, "name": "sshd", "rss_kb": 12800, "oom_score_adj": -1000}], "killed_process": {"pid": 6800, "name": "mongod"}, "killed_rss_kb": 24800000, "constraint": "CONSTRAINT_NONE", "cgroup_path": null, "cgroup_usage_kb": null, "cgroup_limit_kb": null, "cgroup_failcnt": null}, "log_env": {"kernel_version": "4.18.0-425.el8.x86_64", "collected_env": "online collection (database performance forums) + LLM variation", "is_synthetic": true, "vm_spec": "24-core NUMA 2-node, 64GB RAM, 16GB swap", "os": "RHEL 8 / CentOS 8", "reproduce_method": null}}
{"log_id": "log_007", "raw_log": "[Fri Apr 10 13:25:13 2026] python invoked oom-killer: gfp_mask=0x100cca(GFP_HIGHUSER_MOVABLE), order=0, oom_score_adj=0\n[Fri
Apr 10 13:25:13 2026] CPU: 1 PID: 40639 Comm: python Not tainted 6.6.87.2-microsoft-standard-WSL2 #1\n[Fri Apr 10 13:25:13 2026] Call Trace:\n[Fri Apr 10 13:25:13 2026]  mem_cgroup_out_of_memory+0x13b/0x150\n[Fri Apr 10 13:25:13 2026]  try_charge_memcg+0x76b/0x830\n[Fri Apr 10 13:25:13 2026]  charge_memcg+0x35/0xb0\n[Fri Apr 10 13:25:13 2026]  __mem_cgroup_charge+0x31/0x90\n[Fri Apr 10 13:25:13 2026]  __filemap_add_folio+0x172/0x510\n[Fri Apr 10 13:25:13 2026]  filemap_fault+0x177/0xc80\n[Fri
Apr 10 13:25:13 2026] memory: usage 524288kB, limit 524288kB, failcnt 3779\n[Fri
Apr 10 13:25:13 2026] swap: usage 0kB, limit 0kB, failcnt 0\n[Fri Apr 10 13:25:13 2026] Tasks state (memory values in pages):\n[Fri Apr 10 13:25:13 2026] [  pid  ]   uid  tgid total_vm      rss pgtables_bytes swapents oom_score_adj name\n[Fri Apr 10 13:25:13 2026] [  40639]     0 40639   140278   130570  1130496        0             0 python\n[Fri Apr 10 13:25:13 2026] oom-kill:constraint=CONSTRAINT_MEMCG,nodemask=(null),cpuset=47739054a2d140a4aaa0a83785617c6c82e7ddbc90abbe6ac9d382c7a9290939,mems_allowed=0,oom_memcg=/docker/47739054a2d140a4aaa0a83785617c6c82e7ddbc90abbe6ac9d382c7a9290939,task_memcg=/docker/47739054a2d140a4aaa0a83785617c6c82e7ddbc90abbe6ac9d382c7a9290939,task=python,pid=40639,uid=0\n[Fri Apr 10 13:25:13 2026] Memory cgroup out of memory: Killed process 40639 (python) total-vm:561112kB, anon-rss:522280kB, file-rss:0kB, shmem-rss:0kB, UID:0 pgtables:1104kB oom_score_adj:0", "parsed_fields": {"kernel_version": "6.6.87.2-microsoft-standard-WSL2", "invoked_by": "python", "gfp_mask": "0x100cca", "order": 0, "total_ram_pages": null, "swap_total_kb": 0, "swap_free_kb": 0, "zone_info": [], "process_table": [{"pid": 40639, "uid": 0, "name": "python", "rss_kb": 522280, "oom_score_adj": 0}], "killed_process": {"pid": 40639, "name": "python"}, "killed_rss_kb": 522280, "constraint": "CONSTRAINT_MEMCG", "cgroup_path": "/docker/47739054a2d140a4aaa0a83785617c6c82e7ddbc90abbe6ac9d382c7a9290939", "cgroup_usage_kb": 524288, "cgroup_limit_kb": 524288, "cgroup_failcnt": 3779}, "log_env": {"kernel_version": "6.6.87.2-microsoft-standard-WSL2", "collected_env": "Docker on WSL2 (real reproduction)", "is_synthetic": false, "vm_spec": "Container: 512MB memory limit, 0 swap (--memory=512m --memory-swap=512m)", "os": "python:3.11-slim container", "reproduce_method": "PIL Image.new(6000x4500 RGB) + JPEG encode/decode in loop, list cache retains references. OOM at 2nd image (nominal 162MB vs actual RSS 522MB due to PIL intermediate buffers)"}}
{"log_id": "log_008", "raw_log": "[Fri Apr 10 23:03:17 2026] python invoked oom-killer: gfp_mask=0xcc0(GFP_KERNEL), order=0, oom_score_adj=0\n[Fri
Apr 10 23:03:17 2026] CPU: 2 PID: 69537 Comm: python Not tainted 6.6.87.2-microsoft-standard-WSL2 #1\n[Fri Apr 10 23:03:17 2026] Call Trace:\n[Fri Apr 10 23:03:17 2026]  mem_cgroup_out_of_memory+0x13b/0x150\n[Fri Apr 10 23:03:17 2026]  try_charge_memcg+0x76b/0x830\n[Fri Apr 10 23:03:17 2026]  charge_memcg+0x35/0xb0\n[Fri Apr 10 23:03:17 2026]  __mem_cgroup_charge+0x31/0x90\n[Fri Apr 10 23:03:17 2026]  do_wp_page+0x295/0xb00\n[Fri Apr 10 23:03:17 2026]  __handle_mm_fault+0x80b/0x840\n[Fri Apr 10 23:03:17 2026]  handle_mm_fault+0xc7/0x2f0\n[Fri
Apr 10 23:03:17 2026] memory: usage 1048576kB, limit 1048576kB, failcnt 2280\n[Fri
Apr 10 23:03:17 2026] swap: usage 0kB, limit 0kB, failcnt 0\n[Fri Apr 10 23:03:17 2026] Tasks state (memory values in pages):\n[Fri Apr 10 23:03:17 2026] [  pid  ]   uid  tgid total_vm      rss pgtables_bytes swapents oom_score_adj name\n[Fri Apr 10 23:03:17 2026] [  69497]     0 69497   209376   149798  1310720        0             0 python\n[Fri Apr 10 23:03:17 2026] [  69540]     0 69540   154065   149832  1282048        0             0 python\n[Fri Apr 10 23:03:17 2026] [  69536]     0 69536   154065   149832  1282048        0             0 python\n[Fri Apr 10 23:03:17 2026] [  69534]     0 69534   154065   149800  1282048        0             0 python\n[Fri Apr 10 23:03:17 2026] [  69535]     0 69535   154065   149800  1282048        0             0 python\n[Fri Apr 10 23:03:17 2026] [  69537]     0 69537   154065   149800  1282048        0             0 python\n[Fri Apr 10 23:03:17 2026] [  69538]     0 69538   154065   149800  1282048        0             0 python\n[Fri Apr 10 23:03:17 2026] [  69539]     0 69539   154065   149800  1282048        0             0 python\n[Fri Apr 10 23:03:17 2026] [  69541]     0 69541   154065   149800  1282048        0             0 python\n[Fri Apr 10 23:03:17 2026] oom-kill:constraint=CONSTRAINT_MEMCG,nodemask=(null),cpuset=7de9a4587877fcee0f2bdf9901cddea241d4d61a556288fa5ff4931e2e76db7f,mems_allowed=0,oom_memcg=/docker/7de9a4587877fcee0f2bdf9901cddea241d4d61a556288fa5ff4931e2e76db7f,task_memcg=/docker/7de9a4587877fcee0f2bdf9901cddea241d4d61a556288fa5ff4931e2e76db7f,task=python,pid=69540,uid=0\n[Fri Apr 10 23:03:17 2026] Memory cgroup out of memory: Killed process 69540 (python) total-vm:616260kB, anon-rss:598816kB, file-rss:512kB, shmem-rss:0kB, UID:0 pgtables:1252kB oom_score_adj:0", "parsed_fields": {"kernel_version": "6.6.87.2-microsoft-standard-WSL2", "invoked_by": "python", "gfp_mask": "0xcc0", "order": 0, "total_ram_pages": null, "swap_total_kb": 0, "swap_free_kb": 0, "zone_info": [], "process_table": [{"pid": 69540, "uid": 0, "name": "python", "rss_kb": 599328, "oom_score_adj": 0}, {"pid": 69536, "uid": 0, "name": "python", "rss_kb": 599328, "oom_score_adj": 0}, {"pid": 69534, "uid": 0, "name": "python", "rss_kb": 599200, "oom_score_adj": 0}, {"pid": 69535, "uid": 0, "name": "python", "rss_kb": 599200, "oom_score_adj": 0}, {"pid": 69537, "uid": 0, "name": "python", "rss_kb": 599200, "oom_score_adj": 0}, {"pid": 69538, "uid": 0, "name": "python", "rss_kb": 599200, "oom_score_adj": 0}, {"pid": 69539, "uid": 0, "name": "python", "rss_kb": 599200, "oom_score_adj": 0}, {"pid": 69541, "uid": 0, "name": "python", "rss_kb": 599200, "oom_score_adj": 0}, {"pid": 69497, "uid": 0, "name": "python", "rss_kb": 599192, "oom_score_adj": 0}], "killed_process": {"pid": 69540, "name": "python"}, "killed_rss_kb": 598816, "constraint": "CONSTRAINT_MEMCG", "cgroup_path": "/docker/7de9a4587877fcee0f2bdf9901cddea241d4d61a556288fa5ff4931e2e76db7f", "cgroup_usage_kb": 1048576, "cgroup_limit_kb": 1048576, "cgroup_failcnt": 2280}, "log_env": {"kernel_version": "6.6.87.2-microsoft-standard-WSL2", "collected_env": "Docker on WSL2 (real reproduction)", "is_synthetic": false, "vm_spec": "Container: 1GB memory limit, 0 swap", "os": "python:3.11-slim container", "reproduce_method": "multiprocessing.Pool(8) with parent holding 15M-element Python list in global. Workers read list elements, triggering Python reference counting writes on shared pages, which breaks fork COW. 9 python processes (parent + 8 workers) all reach ~599MB RSS each, exceeding 1GB cgroup limit"}}
{"log_id": "log_009", "raw_log": "[Fri Apr 10 23:22:49 2026] java invoked oom-killer: gfp_mask=0xcc0(GFP_KERNEL), order=0, oom_score_adj=0\n[Fri
Apr 10 23:22:49 2026] CPU: 3 PID: 76319 Comm: java Not tainted 6.6.87.2-microsoft-standard-WSL2 #1\n[Fri Apr 10 23:22:49 2026] Call Trace:\n[Fri Apr 10 23:22:49 2026]  mem_cgroup_out_of_memory+0x13b/0x150\n[Fri Apr 10 23:22:49 2026]  try_charge_memcg+0x76b/0x830\n[Fri Apr 10 23:22:49 2026]  __mem_cgroup_charge+0x31/0x90\n[Fri Apr 10 23:22:49 2026]  do_anonymous_page+0x98/0x420\n[Fri Apr 10 23:22:49 2026]  __handle_mm_fault+0x818/0x840\n[Fri
Apr 10 23:22:49 2026] memory: usage 655360kB, limit 655360kB, failcnt 111\n[Fri
Apr 10 23:22:49 2026] swap: usage 0kB, limit 0kB, failcnt 0\n[Fri Apr 10 23:22:49 2026] Tasks state (memory values in pages):\n[Fri Apr 10 23:22:49 2026] [  pid  ]   uid  tgid total_vm      rss pgtables_bytes swapents oom_score_adj name\n[Fri Apr 10 23:22:49 2026] [  76319]     0 76319   787766   167838  1564672        0             0 java\n[Fri Apr 10 23:22:49 2026] oom-kill:constraint=CONSTRAINT_MEMCG,nodemask=(null),cpuset=c44dc8cf048427b4b764bf3c92a0bda6a2f55d694e3df31270462c3a05eac8a3,mems_allowed=0,oom_memcg=/docker/c44dc8cf048427b4b764bf3c92a0bda6a2f55d694e3df31270462c3a05eac8a3,task_memcg=/docker/c44dc8cf048427b4b764bf3c92a0bda6a2f55d694e3df31270462c3a05eac8a3,task=java,pid=76319,uid=0\n[Fri Apr 10 23:22:49 2026] Memory cgroup out of memory: Killed process 76319 (java) total-vm:3151064kB, anon-rss:652544kB, file-rss:18808kB, shmem-rss:0kB, UID:0 pgtables:1528kB oom_score_adj:0", "parsed_fields": {"kernel_version": "6.6.87.2-microsoft-standard-WSL2", "invoked_by": "java", "gfp_mask": "0xcc0", "order": 0, "total_ram_pages": null, "swap_total_kb": 0, "swap_free_kb": 0, "zone_info": [], "process_table": [{"pid": 76319, "uid": 0, "name": "java", "rss_kb": 671352, "oom_score_adj": 0}], "killed_process": {"pid": 76319, "name": "java"}, "killed_rss_kb": 652544, "constraint": "CONSTRAINT_MEMCG", "cgroup_path": "/docker/c44dc8cf048427b4b764bf3c92a0bda6a2f55d694e3df31270462c3a05eac8a3", "cgroup_usage_kb": 655360, "cgroup_limit_kb": 655360, "cgroup_failcnt": 111}, "log_env": {"kernel_version": "6.6.87.2-microsoft-standard-WSL2", "collected_env": "Docker on WSL2 (real reproduction)", "is_synthetic": false, "vm_spec": "Container: 640MB memory limit, 0 swap. JVM: -Xmx512m", "os": "eclipse-temurin:17-jdk-jammy container", "reproduce_method": "JVM with -Xmx512m allocates 400MB on heap successfully (within Xmx), then allocates Direct ByteBuffers (off-heap, NOT counted in Xmx). OOM occurs at ~210MB of Direct allocation = total RSS ~637MB approaches 640MB cgroup limit. Demonstrates classic 'Xmx != container RSS' misconfiguration where total-vm reaches 3.15GB but anon-rss is bounded by cgroup at 652MB"}}
{"log_id": "log_010", "raw_log": "[Fri Apr 10 23:46:58 2026] java invoked oom-killer: gfp_mask=0x100cca(GFP_HIGHUSER_MOVABLE), order=0, oom_score_adj=0\n[Fri
Apr 10 23:46:58 2026] CPU: 4 PID: 83721 Comm: java Not tainted 6.6.87.2-microsoft-standard-WSL2 #1\n[Fri Apr 10 23:46:58 2026] Total swap = 2097152kB\n[Fri Apr 10 23:46:58 2026] 2014879 pages RAM\n[Fri Apr 10 23:46:58 2026] 62961 pages reserved\n[Fri Apr 10 23:46:58 2026] Tasks state (memory values in pages):\n[Fri Apr 10 23:46:58 2026] [  pid  ]   uid  tgid total_vm      rss pgtables_bytes swapents oom_score_adj name\n[Fri Apr 10 23:46:58 2026] [  83721]     0 83721  3615632  1713855 19300352   465760             0 java\n[Fri Apr 10 23:46:58 2026] [    500]     0   500   700829    11096   585728     1280          -500 dockerd\n[Fri Apr 10 23:46:58 2026] [    432]     0   432   652373     8053   462848      864          -500 containerd\n[Fri Apr 10 23:46:58 2026] [  83697]     0 83697   308396      792   110592        0          -499 containerd-shim\n[Fri Apr 10 23:46:58 2026] oom-kill:constraint=CONSTRAINT_NONE,nodemask=(null),cpuset=8f1dc80937a1742697357f8ce26b6eceb27d51c21986f8373418200bdab40372,mems_allowed=0,global_oom,task_memcg=/docker/8f1dc80937a1742697357f8ce26b6eceb27d51c21986f8373418200bdab40372,task=java,pid=83721,uid=0\n[Fri Apr 10 23:46:58 2026] Out of memory: Killed process 83721 (java) total-vm:14462528kB, anon-rss:6855296kB, file-rss:124kB, shmem-rss:0kB, UID:0 pgtables:18848kB oom_score_adj:0", "parsed_fields": {"kernel_version": "6.6.87.2-microsoft-standard-WSL2", "invoked_by": "java", "gfp_mask": "0x100cca", "order": 0, "total_ram_pages": 2014879, "swap_total_kb": 2097152, "swap_free_kb": 0, "zone_info": [], "process_table": [{"pid": 83721, "uid": 0, "name": "java", "rss_kb": 6855420, "oom_score_adj": 0}, {"pid": 500, "uid": 0, "name": "dockerd", "rss_kb": 44384, "oom_score_adj": -500}, {"pid": 432, "uid": 0, "name": "containerd", "rss_kb": 32212, "oom_score_adj": -500}, {"pid": 83697, "uid": 0, "name": "containerd-shim", "rss_kb": 3168, "oom_score_adj": -499}], "killed_process": {"pid": 83721, "name": "java"}, "killed_rss_kb": 6855296, "constraint": "CONSTRAINT_NONE", "cgroup_path": null, "cgroup_usage_kb": null, "cgroup_limit_kb": null, "cgroup_failcnt": null}, "log_env": {"kernel_version": "6.6.87.2-microsoft-standard-WSL2", "collected_env": "Docker on WSL2 (real reproduction)", "is_synthetic": false, "vm_spec": "WSL2 7.4GB RAM + 2GB swap. Container: no memory limit. JVM: -Xmx10g -Xms1g", "os": "eclipse-temurin:17-jdk-jammy container", "reproduce_method": "JVM with -Xmx10g allocates 50MB byte[] chunks in infinite loop, touching every page to force physical commit. Since Xmx(10g) > host RAM(7.4g), JVM never hits its own OOMError; kernel fires global OOM at ~6.5GB anon-rss + 1.8GB swap usage (8.1GB total)"}}
{"log_id": "log_011", "raw_log": "[Fri Apr 10 23:51:08 2026] node invoked oom-killer: gfp_mask=0x100cca(GFP_HIGHUSER_MOVABLE), order=0, oom_score_adj=0\n[Fri
Apr 10 23:51:08 2026] CPU: 2 PID: 85760 Comm: node Not tainted 6.6.87.2-microsoft-standard-WSL2 #1\n[Fri Apr 10 23:51:08 2026] Total swap = 2097152kB\n[Fri Apr 10 23:51:08 2026] 2014879 pages RAM\n[Fri Apr 10 23:51:08 2026] Tasks state (memory values in pages):\n[Fri Apr 10 23:51:08 2026] [  pid  ]   uid  tgid total_vm      rss pgtables_bytes swapents oom_score_adj name\n[Fri Apr 10 23:51:08 2026] [  85760]     0 85760  2359931  1661699 17371136   443552             0 node\n[Fri Apr 10 23:51:08 2026] [    500]     0   500   700909    11308   585728     1594          -500 dockerd\n[Fri Apr 10 23:51:08 2026] [    432]     0   432   652373     7438   462848     1024          -500 containerd\n[Fri Apr 10 23:51:08 2026] [  85729]     0 85729   308524      800   110592        0          -499 containerd-shim\n[Fri Apr 10 23:51:08 2026] oom-kill:constraint=CONSTRAINT_NONE,nodemask=(null),cpuset=init.scope,mems_allowed=0,global_oom,task_memcg=/docker/6be630fa365334b224dafe6f2efb1853ae0fb011448e22151ad8343ed1edb820,task=node,pid=85760,uid=0\n[Fri Apr 10 23:51:08 2026] Out of memory: Killed process 85760 (node) total-vm:9439724kB, anon-rss:6646796kB, file-rss:0kB, shmem-rss:0kB, UID:0 pgtables:16964kB oom_score_adj:0", "parsed_fields": {"kernel_version": "6.6.87.2-microsoft-standard-WSL2", "invoked_by": "node", "gfp_mask": "0x100cca", "order": 0, "total_ram_pages": 2014879, "swap_total_kb": 2097152, "swap_free_kb": 0, "zone_info": [], "process_table": [{"pid": 85760, "uid": 0, "name": "node", "rss_kb": 6646796, "oom_score_adj": 0}, {"pid": 500, "uid": 0, "name": "dockerd", "rss_kb": 45232, "oom_score_adj": -500}, {"pid": 432, "uid": 0, "name": "containerd", "rss_kb": 29752, "oom_score_adj": -500}, {"pid": 85729, "uid": 0, "name": "containerd-shim", "rss_kb": 3200, "oom_score_adj": -499}], "killed_process": {"pid": 85760, "name": "node"}, "killed_rss_kb": 6646796, "constraint": "CONSTRAINT_NONE", "cgroup_path": null, "cgroup_usage_kb": null, "cgroup_limit_kb": null, "cgroup_failcnt": null}, "log_env": {"kernel_version": "6.6.87.2-microsoft-standard-WSL2", "collected_env": "Docker on WSL2 (real reproduction)", "is_synthetic": false, "vm_spec": "WSL2 7.4GB RAM + 2GB swap. Container: no memory limit", "os": "node:20-slim container", "reproduce_method": "Node.js setInterval allocates 50MB Buffer.alloc every 80ms, fills pages, pushes to cache. V8 heap stays at 3MB throughout (Buffer is off-heap via libuv slab allocator), while RSS climbs to 6.4GB then plateaus as swap takes over. Kernel OOM at ~8.2GB nominal allocation"}}
{"log_id": "log_012", "raw_log": "[Fri Apr 10 23:54:07 2026] python invoked oom-killer: gfp_mask=0x100cca(GFP_HIGHUSER_MOVABLE), order=0, oom_score_adj=0\n[Fri
Apr 10 23:54:07 2026] CPU: 5 PID: 87194 Comm: python Not tainted 6.6.87.2-microsoft-standard-WSL2 #1\n[Fri Apr 10 23:54:07 2026] Call Trace:\n[Fri Apr 10 23:54:07 2026]  mem_cgroup_out_of_memory+0x13b/0x150\n[Fri Apr 10 23:54:07 2026]  try_charge_memcg+0x76b/0x830\n[Fri Apr 10 23:54:07 2026]  do_fault+0x2b5/0x570\n[Fri
Apr 10 23:54:07 2026] memory: usage 2097152kB, limit 2097152kB, failcnt 257237\n[Fri
Apr 10 23:54:07 2026] swap: usage 1048576kB, limit 1048576kB, failcnt 5\n[Fri Apr 10 23:54:07 2026] Memory cgroup stats for /docker/af7bbaf59e778e48851685c9b717b926210712f27e73648a41ccddb1293df703:\n[Fri Apr 10 23:54:07 2026] anon 2140254208 swapcached 761856 inactive_anon 2140545024\n[Fri Apr 10 23:54:07 2026] Tasks state (memory values in pages):\n[Fri Apr 10 23:54:07 2026] [  pid  ]   uid  tgid total_vm      rss pgtables_bytes swapents oom_score_adj name\n[Fri Apr 10 23:54:07 2026] [  87194]     0 87194   791783   522423  6352896   262016             0 python\n[Fri Apr 10 23:54:07 2026] oom-kill:constraint=CONSTRAINT_MEMCG,nodemask=(null),cpuset=af7bbaf59e778e48851685c9b717b926210712f27e73648a41ccddb1293df703,mems_allowed=0,oom_memcg=/docker/af7bbaf59e778e48851685c9b717b926210712f27e73648a41ccddb1293df703,task_memcg=/docker/af7bbaf59e778e48851685c9b717b926210712f27e73648a41ccddb1293df703,task=python,pid=87194,uid=0\n[Fri Apr 10 23:54:07 2026] Memory cgroup out of memory: Killed process 87194 (python) total-vm:3167132kB, anon-rss:2089692kB, file-rss:0kB, shmem-rss:0kB, UID:0 pgtables:6204kB oom_score_adj:0", "parsed_fields": {"kernel_version": "6.6.87.2-microsoft-standard-WSL2", "invoked_by": "python", "gfp_mask": "0x100cca", "order": 0, "total_ram_pages": null, "swap_total_kb": 1048576, "swap_free_kb": 0, "zone_info": [], "process_table": [{"pid": 87194, "uid": 0, "name": "python", "rss_kb": 2089692, "oom_score_adj": 0}], "killed_process": {"pid": 87194, "name": "python"}, "killed_rss_kb": 2089692, "constraint": "CONSTRAINT_MEMCG", "cgroup_path": "/docker/af7bbaf59e778e48851685c9b717b926210712f27e73648a41ccddb1293df703", "cgroup_usage_kb": 2097152, "cgroup_limit_kb": 2097152, "cgroup_failcnt": 257237}, "log_env": {"kernel_version": "6.6.87.2-microsoft-standard-WSL2", "collected_env": "Docker on WSL2 (real reproduction)", "is_synthetic": false, "vm_spec": "Container: --memory=2g --memory-swap=3g (2GB RAM + 1GB swap)", "os": "python:3.11-slim container", "reproduce_method": "Python appends 20MB bytearrays every 50ms, touches pages, occasionally re-reads old chunks to force swap-in. Reached 3040MB allocated; RAM(2GB) and swap(1GB) both completely exhausted. failcnt shows 257237 memory + 5 swap allocation failures before kill"}}
{"log_id": "log_013", "raw_log": "[Fri Apr 10 23:57:12 2026] python invoked oom-killer: gfp_mask=0x100cca(GFP_HIGHUSER_MOVABLE), order=0, oom_score_adj=0\n[Fri
Apr 10 23:57:12 2026] CPU: 3 PID: 88583 Comm: python Not tainted 6.6.87.2-microsoft-standard-WSL2 #1\n[Fri Apr 10 23:57:12 2026] Call Trace:\n[Fri Apr 10 23:57:12 2026]  mem_cgroup_out_of_memory+0x13b/0x150\n[Fri Apr 10 23:57:12 2026]  try_charge_memcg+0x76b/0x830\n[Fri
Apr 10 23:57:12 2026] memory: usage 2097152kB, limit 2097152kB, failcnt 8931\n[Fri
Apr 10 23:57:12 2026] swap: usage 1048576kB, limit 1048576kB, failcnt 12\n[Fri Apr 10 23:57:12 2026] Memory cgroup stats for /docker/41e05282994977983b1d99870933dc5f20f04c63a09c54e1333027e92d965858:\n[Fri Apr 10 23:57:12 2026] anon 2083196928 swapcached 278446080 anon_thp 1428160512\n[Fri Apr 10 23:57:12 2026] workingset_refault_anon 64602 pgmajfault 16561 thp_fault_alloc 1385\n[Fri Apr 10 23:57:12 2026] Tasks state (memory values in pages):\n[Fri Apr 10 23:57:12 2026] [  pid  ]   uid  tgid total_vm      rss pgtables_bytes swapents oom_score_adj name\n[Fri Apr 10 23:57:12 2026] [  88583]     0 88583   950045   456633  5951488   261472             0 python\n[Fri Apr 10 23:57:12 2026] oom-kill:constraint=CONSTRAINT_MEMCG,nodemask=(null),cpuset=41e05282994977983b1d99870933dc5f20f04c63a09c54e1333027e92d965858,mems_allowed=0,oom_memcg=/docker/41e05282994977983b1d99870933dc5f20f04c63a09c54e1333027e92d965858,task_memcg=/docker/41e05282994977983b1d99870933dc5f20f04c63a09c54e1333027e92d965858,task=python,pid=88583,uid=0\n[Fri Apr 10 23:57:12 2026] Memory cgroup out of memory: Killed process 88583 (python) total-vm:3800180kB, anon-rss:1819876kB, file-rss:6656kB, shmem-rss:0kB, UID:0 pgtables:5812kB oom_score_adj:0", "parsed_fields": {"kernel_version": "6.6.87.2-microsoft-standard-WSL2", "invoked_by": "python", "gfp_mask": "0x100cca", "order": 0, "total_ram_pages": null, "swap_total_kb": 1048576, "swap_free_kb": 0, "zone_info": [], "process_table": [{"pid": 88583, "uid": 0, "name": "python", "rss_kb": 1826532, "oom_score_adj": 0}], "killed_process": {"pid": 88583, "name": "python"}, "killed_rss_kb": 1819876, "constraint": "CONSTRAINT_MEMCG", "cgroup_path": "/docker/41e05282994977983b1d99870933dc5f20f04c63a09c54e1333027e92d965858", "cgroup_usage_kb": 2097152, "cgroup_limit_kb": 2097152, "cgroup_failcnt": 8931}, "log_env": {"kernel_version": "6.6.87.2-microsoft-standard-WSL2", "collected_env": "Docker on WSL2 (real reproduction)", "is_synthetic": false, "vm_spec": "Container: --memory=2g --memory-swap=3g (2GB RAM + 1GB swap)", "os": "python:3.11-slim container with numpy", "reproduce_method": "numpy loads 5 arrays of 305MB each (1.5GB total), then np.concatenate + np.sort. Sort creates temporary buffer doubling peak memory. Heavy thrashing: pgmajfault=16561, workingset_refault_anon=64602 indicate massive swap-in/out cycles as numpy accessed sort buffers"}}
{"log_id": "log_014", "raw_log": "[Mon Apr 13 23:56:41 2026] postgres invoked oom-killer: gfp_mask=0xcc0(GFP_KERNEL), order=0, oom_score_adj=0\n[Mon
Apr 13 23:56:41 2026] CPU: 2 PID: 210084 Comm: postgres Not tainted 6.6.87.2-microsoft-standard-WSL2 #1\n[Mon Apr 13 23:56:41 2026] Call Trace:\n[Mon Apr 13 23:56:41 2026]  mem_cgroup_out_of_memory+0x13b/0x150\n[Mon Apr 13 23:56:41 2026]  try_charge_memcg+0x76b/0x830\n[Mon Apr 13 23:56:41 2026]  charge_memcg+0x35/0xb0\n[Mon Apr 13 23:56:41 2026]  __mem_cgroup_charge+0x31/0x90\n[Mon Apr 13 23:56:41 2026]  __filemap_add_folio+0x172/0x510\n[Mon Apr 13 23:56:41 2026]  filemap_get_pages+0x17d/0x660\n[Mon Apr 13 23:56:41 2026]  filemap_read+0xed/0x3a0\n[Mon Apr 13 23:56:41 2026]  generic_file_read_iter+0xbf/0x110\n[Mon Apr 13 23:56:41 2026]  ext4_file_read_iter+0x62/0x1f0\n[Mon Apr 13 23:56:41 2026]  vfs_read+0x1c7/0x310\n[Mon Apr 13 23:56:41 2026]  __x64_sys_pread64+0x9a/0xd0\n[Mon
Apr 13 23:56:41 2026] memory: usage 524288kB, limit 524288kB, failcnt 330081\n[Mon
Apr 13 23:56:41 2026] swap: usage 0kB, limit 0kB, failcnt 0\n[Mon Apr 13 23:56:41 2026] Memory cgroup stats for /docker/6dbb344e4225e20ca7123bba35550e4f0bc60fb5b02befa72feb57cb17d8f3c7:\n[Mon Apr 13 23:56:41 2026] anon 512880640\n[Mon Apr 13 23:56:41 2026] file 17174528\n[Mon Apr 13 23:56:41 2026] kernel 6815744\n[Mon Apr 13 23:56:41 2026] shmem 17043456\n[Mon Apr 13 23:56:41 2026] pgscan_direct 338977\n[Mon Apr 13 23:56:41 2026] pgsteal_direct 330812\n[Mon Apr 13 23:56:41 2026] pgfault 309210\n[Mon Apr 13 23:56:41 2026] pgmajfault 0\n[Mon Apr 13 23:56:41 2026] workingset_refault_file 139131\n[Mon Apr 13 23:56:41 2026] Tasks state (memory values in pages):\n[Mon Apr 13 23:56:41 2026] [  pid  ]   uid  tgid total_vm      rss pgtables_bytes swapents oom_score_adj name\n[Mon Apr 13 23:56:41 2026] [ 208973]    70 208973    43635     6720   139264        0             0 postgres\n[Mon Apr 13 23:56:41 2026] [ 209171]    70 209171    43658     1318   110592        0             0 postgres\n[Mon Apr 13 23:56:41 2026] [ 209172]    70 209172    43659     1550   131072        0             0 postgres\n[Mon Apr 13 23:56:41 2026] [ 209174]    70 209174    43651     2318   118784        0             0 postgres\n[Mon Apr 13 23:56:41 2026] [ 209175]    70 209175    44048     1902   135168        0             0 postgres\n[Mon Apr 13 23:56:41 2026] [ 209176]    70 209176    44035     1710   126976        0             0 postgres\n[Mon Apr 13 23:56:41 2026] [ 210073]     0 210073     2479      896    61440        0             0 psql\n[Mon Apr 13 23:56:41 2026] [ 210084]    70 210084   210737   140715  1404928        0             0 postgres\n[Mon Apr 13 23:56:41 2026] oom-kill:constraint=CONSTRAINT_MEMCG,nodemask=(null),cpuset=6dbb344e4225e20ca7123bba35550e4f0bc60fb5b02befa72feb57cb17d8f3c7,mems_allowed=0,oom_memcg=/docker/6dbb344e4225e20ca7123bba35550e4f0bc60fb5b02befa72feb57cb17d8f3c7,task_memcg=/docker/6dbb344e4225e20ca7123bba35550e4f0bc60fb5b02befa72feb57cb17d8f3c7,task=postgres,pid=210084,uid=70\n[Mon Apr 13 23:56:41 2026] Memory cgroup out of memory: Killed process 210084 (postgres) total-vm:842948kB, anon-rss:496940kB, file-rss:61056kB, shmem-rss:4864kB, UID:70 pgtables:1372kB oom_score_adj:0", "parsed_fields": {"kernel_version": "6.6.87.2-microsoft-standard-WSL2", "invoked_by": "postgres", "gfp_mask": "0xcc0", "order": 0, "total_ram_pages": null, "swap_total_kb": 0, "swap_free_kb": 0, "zone_info": [], "process_table": [{"pid": 210084, "uid": 70, "name": "postgres", "rss_kb": 562860, "oom_score_adj": 0}, {"pid": 208973, "uid": 70, "name": "postgres", "rss_kb": 26880, "oom_score_adj": 0}, {"pid": 209174, "uid": 70, "name": "postgres", "rss_kb": 9272, "oom_score_adj": 0}, {"pid": 209175, "uid": 70, "name": "postgres", "rss_kb": 7608, "oom_score_adj": 0}, {"pid": 209176, "uid": 70, "name": "postgres", "rss_kb": 6840, "oom_score_adj": 0}, {"pid": 209172, "uid": 70, "name": "postgres", "rss_kb": 6200, "oom_score_adj": 0}, {"pid": 209171, "uid": 70, "name": "postgres", "rss_kb": 5272, "oom_score_adj": 0}, {"pid": 210073, "uid": 0, "name": "psql", "rss_kb": 3584, "oom_score_adj": 0}], "killed_process": {"pid": 210084, "name": "postgres"}, "killed_rss_kb": 496940, "constraint": "CONSTRAINT_MEMCG", "cgroup_path": "/docker/6dbb344e4225e20ca7123bba35550e4f0bc60fb5b02befa72feb57cb17d8f3c7", "cgroup_usage_kb": 524288, "cgroup_limit_kb": 524288, "cgroup_failcnt": 330081}, "log_env": {"kernel_version": "6.6.87.2-microsoft-standard-WSL2", "collected_env": "Docker on WSL2 (real reproduction)", "is_synthetic": false, "vm_spec": "Container: 512MB memory limit, 0 swap (--memory=512m --memory-swap=512m)", "os": "postgres:16-alpine container", "reproduce_method": "PostgreSQL 16 with work_mem=2GB in 512MB cgroup container. init.sql creates 2M-row table (big_table). trigger_oom.sql sets work_mem=2GB and executes 3-way self-JOIN with ORDER BY, requiring sort buffers far exceeding cgroup limit. Backend PID 210084 performs pread64 on data files; call trace shows filemap_read -> try_charge_memcg -> mem_cgroup_out_of_memory. failcnt 330081 indicates 330K repeated allocation failures before kill"}}
{"log_id": "log_015", "raw_log": "[Tue Apr 14 00:36:48 2026] python3 invoked oom-killer: gfp_mask=0x500cc2(GFP_HIGHUSER|__GFP_ACCOUNT), order=0, oom_score_adj=0\n[Tue
Apr 14 00:36:48 2026] CPU: 0 PID: 223275 Comm: python3 Not tainted 6.6.87.2-microsoft-standard-WSL2 #1\n[Tue Apr 14 00:36:48 2026] Call Trace:\n[Tue Apr 14 00:36:48 2026]  <TASK>\n[Tue Apr 14 00:36:48 2026]  dump_stack_lvl+0x4c/0x70\n[Tue Apr 14 00:36:48 2026]  dump_stack+0x14/0x20\n[Tue Apr 14 00:36:48 2026]  dump_header+0x51/0x260\n[Tue Apr 14 00:36:48 2026]  oom_kill_process+0x100/0x1a0\n[Tue Apr 14 00:36:48 2026]  out_of_memory+0x11d/0x560\n[Tue Apr 14 00:36:48 2026]  mem_cgroup_out_of_memory+0x13b/0x150\n[Tue Apr 14 00:36:48 2026]  try_charge_memcg+0x76b/0x830\n[Tue Apr 14 00:36:48 2026]  ? __mod_memcg_state+0x6b/0xd0\n[Tue Apr 14 00:36:48 2026]  __memcg_kmem_charge_page+0xf8/0x280\n[Tue Apr 14 00:36:48 2026]  __alloc_pages+0x1c0/0x350\n[Tue Apr 14 00:36:48 2026]  alloc_pages+0x98/0x160\n[Tue Apr 14 00:36:48 2026]  pipe_write+0x3d1/0x700\n[Tue Apr 14 00:36:48 2026]  vfs_write+0x35c/0x400\n[Tue Apr 14 00:36:48 2026]  ksys_write+0xb9/0xf0\n[Tue Apr 14 00:36:48 2026]  __x64_sys_write+0x1d/0x30\n[Tue Apr 14 00:36:48 2026]  </TASK>\n[Tue
Apr 14 00:36:48 2026] memory: usage 1048576kB, limit 1048576kB, failcnt 39901\n[Tue
Apr 14 00:36:48 2026] swap: usage 0kB, limit 0kB, failcnt 0\n[Tue Apr 14 00:36:48 2026] Memory cgroup stats for /docker/9a409a3c842af5bcb1cdb157b2cb7023194a6b528bdb57fc9f153fe1ab507896:\n[Tue Apr 14 00:36:48 2026] anon 1070288896\n[Tue Apr 14 00:36:48 2026] file 151552\n[Tue Apr 14 00:36:48 2026] kernel 3301376\n[Tue Apr 14 00:36:48 2026] kernel_stack 114688\n[Tue Apr 14 00:36:48 2026] pagetables 2691072\n[Tue Apr 14 00:36:48 2026] shmem 0\n[Tue Apr 14 00:36:48 2026] inactive_anon 1070276608\n[Tue Apr 14 00:36:48 2026] active_anon 12288\n[Tue Apr 14 00:36:48 2026] inactive_file 106496\n[Tue Apr 14 00:36:48 2026] active_file 4096\n[Tue Apr 14 00:36:48 2026] slab_reclaimable 67432\n[Tue Apr 14 00:36:48 2026] slab_unreclaimable 262680\n[Tue Apr 14 00:36:48 2026] slab 330112\n[Tue Apr 14 00:36:48 2026] workingset_refault_anon 0\n[Tue Apr 14 00:36:48 2026] workingset_refault_file 33599\n[Tue Apr 14 00:36:48 2026] pgscan_direct 209525\n[Tue Apr 14 00:36:48 2026] pgsteal_direct 33563\n[Tue Apr 14 00:36:48 2026] pgfault 1121338\n[Tue Apr 14 00:36:48 2026] pgmajfault 1211\n[Tue Apr 14 00:36:48 2026] thp_fault_alloc 0\n[Tue Apr 14 00:36:48 2026] thp_collapse_alloc 0\n[Tue Apr 14 00:36:48 2026] Tasks state (memory values in pages):\n[Tue Apr 14 00:36:48 2026] [  pid  ]   uid  tgid total_vm      rss pgtables_bytes swapents oom_score_adj name\n[Tue Apr 14 00:36:48 2026] [ 223055]   999 223055   367986   260160  2580480        0             0 redis-server\n[Tue Apr 14 00:36:48 2026] [ 223275]     0 223275     3733     2987    73728        0             0 python3\n[Tue Apr 14 00:36:48 2026] [ 223281]     0 223281     4431      640    73728        0             0 redis-cli\n[Tue Apr 14 00:36:48 2026] oom-kill:constraint=CONSTRAINT_MEMCG,nodemask=(null),cpuset=9a409a3c842af5bcb1cdb157b2cb7023194a6b528bdb57fc9f153fe1ab507896,mems_allowed=0,oom_memcg=/docker/9a409a3c842af5bcb1cdb157b2cb7023194a6b528bdb57fc9f153fe1ab507896,task_memcg=/docker/9a409a3c842af5bcb1cdb157b2cb7023194a6b528bdb57fc9f153fe1ab507896,task=redis-server,pid=223055,uid=999\n[Tue Apr 14 00:36:48 2026] Memory cgroup out of memory: Killed process 223055 (redis-server) total-vm:1471944kB, anon-rss:1036160kB, file-rss:4480kB, shmem-rss:0kB, UID:999 pgtables:2520kB oom_score_adj:0", "parsed_fields": {"kernel_version": "6.6.87.2-microsoft-standard-WSL2", "invoked_by": "python3", "gfp_mask": "0x500cc2", "order": 0, "total_ram_pages": null, "swap_total_kb": 0, "swap_free_kb": 0, "zone_info": [], "process_table": [{"pid": 223055, "uid": 999, "name": "redis-server", "rss_kb": 1040640, "oom_score_adj": 0}, {"pid": 223275, "uid": 0, "name": "python3", "rss_kb": 11948, "oom_score_adj": 0}, {"pid": 223281, "uid": 0, "name": "redis-cli", "rss_kb": 2560, "oom_score_adj": 0}], "killed_process": {"pid": 223055, "name": "redis-server"}, "killed_rss_kb": 1036160, "constraint": "CONSTRAINT_MEMCG", "cgroup_path": "/docker/9a409a3c842af5bcb1cdb157b2cb7023194a6b528bdb57fc9f153fe1ab507896", "cgroup_usage_kb": 1048576, "cgroup_limit_kb": 1048576, "cgroup_failcnt": 39901}, "log_env": {"kernel_version": "6.6.87.2-microsoft-standard-WSL2", "collected_env": "Docker on WSL2 (real reproduction)", "is_synthetic": false, "vm_spec": "Container: 1GB memory limit, 0 swap (--memory=1g --memory-swap=1g)", "os": "redis:7-alpine container", "reproduce_method": "Redis 7 with maxmemory=0 (no Redis-level memory protection) in 1GB cgroup container. Python script pipes 1MB x 1500 keys (~1.5GB) via redis-cli --pipe. redis-server grows unbounded in anonymous memory (jemalloc arenas) until cgroup limit is reached. python3 (PID 223275) triggers OOM during pipe_write syscall to redis-cli stdin. Call trace: pipe_write -> alloc_pages -> __memcg_kmem_charge_page -> try_charge_memcg -> mem_cgroup_out_of_memory. redis-server (PID 223055) killed as highest RSS process (260160 pages = ~1016MB). failcnt 39901 indicates ~40K allocation failures before kill"}}
{"log_id": "log_016", "raw_log": "[Tue Apr 14 00:38:58 2026] chronyd invoked oom-killer: gfp_mask=0x140cca(GFP_HIGHUSER_MOVABLE|__GFP_COMP), order=0, oom_score_adj=0\n[Tue
Apr 14 00:38:58 2026] CPU: 12 PID: 256 Comm: chronyd Not tainted 6.6.87.2-microsoft-standard-WSL2 #1\n[Tue Apr 14 00:38:58 2026] Call Trace:\n[Tue Apr 14 00:38:58 2026]  <TASK>\n[Tue Apr 14 00:38:58 2026]  dump_stack_lvl+0x4c/0x70\n[Tue Apr 14 00:38:58 2026]  dump_stack+0x14/0x20\n[Tue Apr 14 00:38:58 2026]  dump_header+0x51/0x260\n[Tue Apr 14 00:38:58 2026]  oom_kill_process+0x100/0x1a0\n[Tue Apr 14 00:38:58 2026]  out_of_memory+0x11d/0x560\n[Tue Apr 14 00:38:58 2026]  __alloc_pages_slowpath.constprop.0+0x88d/0xe80\n[Tue Apr 14 00:38:58 2026]  __alloc_pages+0x31c/0x350\n[Tue Apr 14 00:38:58 2026]  alloc_pages+0x98/0x160\n[Tue Apr 14 00:38:58 2026]  folio_alloc+0x1a/0x40\n[Tue Apr 14 00:38:58 2026]  filemap_alloc_folio+0xf9/0x100\n[Tue Apr 14 00:38:58 2026]  __filemap_get_folio+0x152/0x2e0\n[Tue Apr 14 00:38:58 2026]  filemap_fault+0x177/0xc80\n[Tue Apr 14 00:38:58 2026]  __do_fault+0x36/0x170\n[Tue Apr 14 00:38:58 2026]  do_fault+0x2b5/0x570\n[Tue Apr 14 00:38:58 2026]  __handle_mm_fault+0x751/0x840\n[Tue Apr 14 00:38:58 2026]  handle_mm_fault+0xc7/0x2f0\n[Tue Apr 14 00:38:58 2026]  do_user_addr_fault+0x239/0x660\n[Tue Apr 14 00:38:58 2026]  exc_page_fault+0x73/0x160\n[Tue Apr 14 00:38:58 2026]  asm_exc_page_fault+0x2b/0x30\n[Tue Apr 14 00:38:58 2026]  </TASK>\n[Tue Apr 14 00:38:58 2026] Mem-Info:\n[Tue Apr 14 00:38:58 2026] active_anon:142846 inactive_anon:1680894 isolated_anon:0\n                            active_file:257 inactive_file:212 isolated_file:0\n                            unevictable:0 dirty:1 writeback:0\n                            slab_reclaimable:12655 slab_unreclaimable:23031\n                            mapped:541 shmem:479 pagetables:10563\n                            sec_pagetables:0 bounce:0\n                            kernel_misc_reclaimable:0\n                            free:15952 free_pcp:0 free_cma:0\n[Tue Apr 14 00:38:58 2026] Node 0 active_anon:571384kB inactive_anon:6723576kB active_file:1028kB inactive_file:848kB unevictable:0kB isolated(anon):0kB isolated(file):0kB mapped:2164kB dirty:4kB writeback:0kB shmem:1916kB shmem_thp:0kB shmem_pmdmapped:0kB anon_thp:0kB writeback_tmp:0kB kernel_stack:11040kB pagetables:42252kB sec_pagetables:0kB all_unreclaimable? yes\n[Tue Apr 14 00:38:58 2026] Node 0 DMA32 free:37572kB boost:0kB min:22784kB low:28480kB high:34176kB reserved_highatomic:0KB active_anon:20892kB inactive_anon:3872512kB active_file:336kB inactive_file:0kB unevictable:0kB writepending:0kB present:4061820kB managed:3953852kB mlocked:0kB bounce:0kB free_pcp:0kB local_pcp:0kB free_cma:0kB\n[Tue
Apr 14 00:38:58 2026] lowmem_reserve[]: 0 3763 3763 3763\n[Tue Apr 14 00:38:58 2026] Node 0 Normal free:26236kB boost:0kB min:22268kB low:27832kB high:33396kB reserved_highatomic:4096KB active_anon:550000kB inactive_anon:2850292kB active_file:988kB inactive_file:640kB unevictable:0kB writepending:0kB present:3997696kB managed:3853820kB mlocked:0kB bounce:0kB free_pcp:0kB local_pcp:0kB free_cma:0kB\n[Tue
Apr 14 00:38:58 2026] lowmem_reserve[]: 0 0 0 0\n[Tue Apr 14 00:38:58 2026] Node 0 DMA32: 252*4kB (UME) 342*8kB (UME) 252*16kB (UME) 192*32kB (UME) 124*64kB (UME) 56*128kB (UME) 20*256kB (UME) 4*512kB (UM) 0*1024kB 1*2048kB (M) 0*4096kB = 38240kB\n[Tue Apr 14 00:38:58 2026] Node 0 Normal: 524*4kB (UME) 268*8kB (UME) 179*16kB (UME) 129*32kB (UME) 65*64kB (UME) 29*128kB (ME) 8*256kB (ME) 1*512kB (E) 1*1024kB (M) 0*2048kB 1*4096kB (M) = 26784kB\n[Tue Apr 14 00:38:58 2026] 14486 total pagecache pages\n[Tue Apr 14 00:38:58 2026] 13574 pages in swap cache\n[Tue Apr 14 00:38:58 2026] Free swap  = 0kB\n[Tue Apr 14 00:38:58 2026] Total swap = 2097152kB\n[Tue Apr 14 00:38:58 2026] 2014879 pages RAM\n[Tue Apr 14 00:38:58 2026] 0 pages HighMem/MovableOnly\n[Tue Apr 14 00:38:58 2026] 62961 pages reserved\n[Tue Apr 14 00:38:58 2026] 0 pages hwpoisoned\n[Tue Apr 14 00:38:58 2026] Tasks state (memory values in pages):\n[Tue Apr 14 00:38:58 2026] [  pid  ]   uid  tgid total_vm      rss pgtables_bytes swapents oom_score_adj name\n[Tue Apr 14 00:38:58 2026] [    256]   999   256     1073      193    53248        0             0 chronyd\n[Tue Apr 14 00:38:58 2026] [    500]     0   500   717663    12240   630784     1690          -500 dockerd\n[Tue Apr 14 00:38:58 2026] [    432]     0   432   689895    13273   536576     1120          -500 containerd\n[Tue Apr 14 00:38:58 2026] [ 224846]     0 224846   308396      928   114688        0          -499 containerd-shim\n[Tue Apr 14 00:38:58 2026] [ 224870]     0 224870  1958762  1556480 15663104   391872             0 hog\n[Tue Apr 14 00:38:58 2026] [ 220170]  1000 220170  3000247    70531  5619712     9120             0 claude\n[Tue Apr 14 00:38:58 2026] [   2399]  1000  2399  8218338    31621  3735552     3968             0 node\n[Tue Apr 14 00:38:58 2026] [   2149]  1000  2149  2958262    14052  1966080     1632             0 node\n[Tue Apr 14 00:38:58 2026] [ 194164]  1000 194164   251218     7021   696320      160             0 node\n[Tue Apr 14 00:38:58 2026] oom-kill:constraint=CONSTRAINT_NONE,nodemask=(null),cpuset=/,mems_allowed=0,global_oom,task_memcg=/docker/95ac8f3bcd4c4acc2dedb704a9b76509ba77973519181cc636bc1c43b403809a,task=hog,pid=224870,uid=0\n[Tue Apr 14 00:38:58 2026] Out of memory: Killed process 224870 (hog) total-vm:7835048kB, anon-rss:6225664kB, file-rss:256kB, shmem-rss:0kB, UID:0 pgtables:15296kB oom_score_adj:0", "parsed_fields": {"kernel_version": "6.6.87.2-microsoft-standard-WSL2", "invoked_by": "chronyd", "gfp_mask": "0x140cca", "order": 0, "total_ram_pages": 2014879, "swap_total_kb": 2097152, "swap_free_kb": 0, "zone_info": [{"zone": "DMA32", "free": 37572, "min": 22784, "low": 28480, "high": 34176}, {"zone": "Normal", "free": 26236, "min": 22268, "low": 27832, "high": 33396}], "process_table": [{"pid": 224870, "uid": 0, "name": "hog", "rss_kb": 6225920, "oom_score_adj": 0}, {"pid": 220170, "uid": 1000, "name": "claude", "rss_kb": 282124, "oom_score_adj": 0}, {"pid": 2399, "uid": 1000, "name": "node", "rss_kb": 126484, "oom_score_adj": 0}, {"pid": 2149, "uid": 1000, "name": "node", "rss_kb": 56208, "oom_score_adj": 0}, {"pid": 432, "uid": 0, "name": "containerd", "rss_kb": 53092, "oom_score_adj": -500}, {"pid": 500, "uid": 0, "name": "dockerd", "rss_kb": 48960, "oom_score_adj": -500}, {"pid": 194164, "uid": 1000, "name": "node", "rss_kb": 28084, "oom_score_adj": 0}, {"pid": 224846, "uid": 0, "name": "containerd-shim", "rss_kb": 3712, "oom_score_adj": -499}, {"pid": 256, "uid": 999, "name": "chronyd", "rss_kb": 772, "oom_score_adj": 0}], "killed_process": {"pid": 224870, "name": "hog"}, "killed_rss_kb": 6225664, "constraint": "CONSTRAINT_NONE", "cgroup_path": null, "cgroup_usage_kb": null, "cgroup_limit_kb": null, "cgroup_failcnt": null}, "log_env": {"kernel_version": "6.6.87.2-microsoft-standard-WSL2", "collected_env": "Docker on WSL2 (real reproduction)", "is_synthetic": false, "vm_spec": "Container: NO memory limit (global OOM). Host: ~7.7GB RAM, 2GB swap", "os": "alpine:3.19 container (hog binary)", "reproduce_method": "C program (hog.c) does infinite malloc(50MB) + memset loop in Docker container WITHOUT --memory limit. Container has no cgroup memory restriction, so hog process consumes host physical memory directly. hog reaches anon-rss 6225664kB (~5.94GB) + swapents 391872 pages (~1.5GB in swap) = ~7.4GB total. Host 2GB swap is fully consumed (Free swap = 0kB). chronyd (PID 256, an unrelated system daemon) happens to invoke oom-killer when its own filemap_fault fails due to global memory exhaustion. all_unreclaimable? yes confirms kernel cannot reclaim any more pages. OOM Killer selects hog (PID 224870) as highest oom_score process"}}
{"log_id": "log_017", "raw_log": "[Tue Apr 14 00:39:21 2026] mmap_touch invoked oom-killer: gfp_mask=0x100cca(GFP_HIGHUSER_MOVABLE), order=0, oom_score_adj=0\n[Tue
Apr 14 00:39:21 2026] CPU: 10 PID: 225398 Comm: mmap_touch Not tainted 6.6.87.2-microsoft-standard-WSL2 #1\n[Tue Apr 14 00:39:21 2026] Call Trace:\n[Tue Apr 14 00:39:21 2026]  <TASK>\n[Tue Apr 14 00:39:21 2026]  dump_stack_lvl+0x4c/0x70\n[Tue Apr 14 00:39:21 2026]  dump_stack+0x14/0x20\n[Tue Apr 14 00:39:21 2026]  dump_header+0x51/0x260\n[Tue Apr 14 00:39:21 2026]  oom_kill_process+0x100/0x1a0\n[Tue Apr 14 00:39:21 2026]  out_of_memory+0x11d/0x560\n[Tue Apr 14 00:39:21 2026]  mem_cgroup_out_of_memory+0x13b/0x150\n[Tue Apr 14 00:39:21 2026]  try_charge_memcg+0x76b/0x830\n[Tue Apr 14 00:39:21 2026]  ? __filemap_add_folio+0x172/0x510\n[Tue Apr 14 00:39:21 2026]  charge_memcg+0x35/0xb0\n[Tue Apr 14 00:39:21 2026]  __mem_cgroup_charge+0x31/0x90\n[Tue Apr 14 00:39:21 2026]  __filemap_add_folio+0x172/0x510\n[Tue Apr 14 00:39:21 2026]  filemap_add_folio+0x40/0xb0\n[Tue Apr 14 00:39:21 2026]  __filemap_get_folio+0x129/0x2e0\n[Tue Apr 14 00:39:21 2026]  filemap_fault+0x177/0xc80\n[Tue Apr 14 00:39:21 2026]  __do_fault+0x36/0x170\n[Tue Apr 14 00:39:21 2026]  do_fault+0x2b5/0x570\n[Tue Apr 14 00:39:21 2026]  __handle_mm_fault+0x751/0x840\n[Tue Apr 14 00:39:21 2026]  handle_mm_fault+0xc7/0x2f0\n[Tue Apr 14 00:39:21 2026]  do_user_addr_fault+0x239/0x660\n[Tue Apr 14 00:39:21 2026]  exc_page_fault+0x73/0x160\n[Tue Apr 14 00:39:21 2026]  asm_exc_page_fault+0x2b/0x30\n[Tue Apr 14 00:39:21 2026]  </TASK>\n[Tue
Apr 14 00:39:21 2026] memory: usage 524288kB, limit 524288kB, failcnt 212666\n[Tue
Apr 14 00:39:21 2026] swap: usage 0kB, limit 0kB, failcnt 0\n[Tue Apr 14 00:39:21 2026] Memory cgroup stats for /docker/d0e9bbad1b9727a970a2d4ab24ab392b1daa32851ffb40689bc51c8d6f3e2a44:\n[Tue Apr 14 00:39:21 2026] anon 531910656\n[Tue Apr 14 00:39:21 2026] file 45056\n[Tue Apr 14 00:39:21 2026] kernel 4915200\n[Tue Apr 14 00:39:21 2026] kernel_stack 16384\n[Tue Apr 14 00:39:21 2026] pagetables 2715648\n[Tue Apr 14 00:39:21 2026] shmem 0\n[Tue Apr 14 00:39:21 2026] file_mapped 0\n[Tue Apr 14 00:39:21 2026] inactive_anon 531906560\n[Tue Apr 14 00:39:21 2026] active_anon 4096\n[Tue Apr 14 00:39:21 2026] inactive_file 24576\n[Tue Apr 14 00:39:21 2026] active_file 20480\n[Tue Apr 14 00:39:21 2026] slab_reclaimable 1995040\n[Tue Apr 14 00:39:21 2026] slab_unreclaimable 138328\n[Tue Apr 14 00:39:21 2026] slab 2133368\n[Tue Apr 14 00:39:21 2026] workingset_refault_anon 0\n[Tue Apr 14 00:39:21 2026] workingset_refault_file 266\n[Tue Apr 14 00:39:21 2026] pgscan_direct 412340\n[Tue Apr 14 00:39:21 2026] pgsteal_direct 205056\n[Tue Apr 14 00:39:21 2026] pgfault 335772\n[Tue Apr 14 00:39:21 2026] pgmajfault 14\n[Tue Apr 14 00:39:21 2026] thp_fault_alloc 0\n[Tue Apr 14 00:39:21 2026] thp_collapse_alloc 0\n[Tue Apr 14 00:39:21 2026] Tasks state (memory values in pages):\n[Tue Apr 14 00:39:21 2026] [  pid  ]   uid  tgid total_vm      rss pgtables_bytes swapents oom_score_adj name\n[Tue Apr 14 00:39:21 2026] [ 225398]     0 225398   335619   129856  2727936        0             0 mmap_touch\n[Tue Apr 14 00:39:21 2026] oom-kill:constraint=CONSTRAINT_MEMCG,nodemask=(null),cpuset=d0e9bbad1b9727a970a2d4ab24ab392b1daa32851ffb40689bc51c8d6f3e2a44,mems_allowed=0,oom_memcg=/docker/d0e9bbad1b9727a970a2d4ab24ab392b1daa32851ffb40689bc51c8d6f3e2a44,task_memcg=/docker/d0e9bbad1b9727a970a2d4ab24ab392b1daa32851ffb40689bc51c8d6f3e2a44,task=mmap_touch,pid=225398,uid=0\n[Tue Apr 14 00:39:21 2026] Memory cgroup out of memory: Killed process 225398 (mmap_touch) total-vm:1342476kB, anon-rss:519424kB, file-rss:0kB, shmem-rss:0kB, UID:0 pgtables:2664kB oom_score_adj:0", "parsed_fields": {"kernel_version": "6.6.87.2-microsoft-standard-WSL2", "invoked_by": "mmap_touch", "gfp_mask": "0x100cca", "order": 0, "total_ram_pages": null, "swap_total_kb": 0, "swap_free_kb": 0, "zone_info": [], "process_table": [{"pid": 225398, "uid": 0, "name": "mmap_touch", "rss_kb": 519424, "oom_score_adj": 0}], "killed_process": {"pid": 225398, "name": "mmap_touch"}, "killed_rss_kb": 519424, "constraint": "CONSTRAINT_MEMCG", "cgroup_path": "/docker/d0e9bbad1b9727a970a2d4ab24ab392b1daa32851ffb40689bc51c8d6f3e2a44", "cgroup_usage_kb": 524288, "cgroup_limit_kb": 524288, "cgroup_failcnt": 212666}, "log_env": {"kernel_version": "6.6.87.2-microsoft-standard-WSL2", "collected_env": "Docker on WSL2 (real reproduction)", "is_synthetic": false, "vm_spec": "Container: 512MB memory limit, 0 swap (--memory=512m --memory-swap=512m)", "os": "alpine:3.19 container (mmap_touch binary)", "reproduce_method": "C program mmaps 800MB file (MAP_SHARED) and touches all pages, then does infinite malloc(10MB)+memset loop in 512MB cgroup. Call trace: filemap_fault -> __filemap_get_folio -> filemap_add_folio -> __filemap_add_folio -> __mem_cgroup_charge -> charge_memcg -> try_charge_memcg -> mem_cgroup_out_of_memory. OOM fires during page fault on mmap'd file page that was already evicted. pgscan_direct 412340 vs pgsteal_direct 205056 shows kernel scanned 412K pages but could only reclaim 205K (50% steal ratio). failcnt 212666 indicates 212K cgroup charge failures. file-rss:0kB in kill line despite 800MB mmap because all file-backed pages were reclaimed before OOM kill; anon-rss:519424kB (~507MB) = 97% of limit"}}
{"log_id": "log_018", "raw_log": "[Tue Apr 14 13:12:13 2026] python invoked oom-killer: gfp_mask=0xcc0(GFP_KERNEL), order=0, oom_score_adj=0\n[Tue
Apr 14 13:12:13 2026] CPU: 9 PID: 26714 Comm: python Not tainted 6.6.87.2-microsoft-standard-WSL2 #1\n[Tue Apr 14 13:12:13 2026] Call Trace:\n[Tue Apr 14 13:12:13 2026]  <TASK>\n[Tue Apr 14 13:12:13 2026]  dump_stack_lvl+0x4c/0x70\n[Tue Apr 14 13:12:13 2026]  dump_stack+0x14/0x20\n[Tue Apr 14 13:12:13 2026]  dump_header+0x51/0x260\n[Tue Apr 14 13:12:13 2026]  oom_kill_process+0x100/0x1a0\n[Tue Apr 14 13:12:13 2026]  out_of_memory+0x11d/0x560\n[Tue Apr 14 13:12:13 2026]  mem_cgroup_out_of_memory+0x13b/0x150\n[Tue Apr 14 13:12:13 2026]  try_charge_memcg+0x76b/0x830\n[Tue Apr 14 13:12:13 2026]  charge_memcg+0x35/0xb0\n[Tue Apr 14 13:12:13 2026]  __mem_cgroup_charge+0x31/0x90\n[Tue Apr 14 13:12:13 2026]  do_anonymous_page+0x98/0x420\n[Tue Apr 14 13:12:13 2026]  __handle_mm_fault+0x818/0x840\n[Tue Apr 14 13:12:13 2026]  handle_mm_fault+0xc7/0x2f0\n[Tue Apr 14 13:12:13 2026]  do_user_addr_fault+0x188/0x660\n[Tue Apr 14 13:12:13 2026]  exc_page_fault+0x73/0x160\n[Tue Apr 14 13:12:13 2026]  asm_exc_page_fault+0x2b/0x30\n[Tue Apr 14 13:12:13 2026]  </TASK>\n[Tue
Apr 14 13:12:13 2026] memory: usage 1048576kB, limit 1048576kB, failcnt 15191708\n[Tue
Apr 14 13:12:13 2026] swap: usage 0kB, limit 0kB, failcnt 0\n[Tue Apr 14 13:12:13 2026] Memory cgroup stats for /docker/e14e45fd1b2c06e2cd6ab8128ba196644da7f96d0c79430a7ac0eff833a79a89:\n[Tue Apr 14 13:12:13 2026] anon 896933888\n[Tue Apr 14 13:12:13 2026] file 24576\n[Tue Apr 14 13:12:13 2026] kernel 176783360\n[Tue Apr 14 13:12:13 2026] kernel_stack 376832\n[Tue Apr 14 13:12:13 2026] pagetables 2994176\n[Tue Apr 14 13:12:13 2026] shmem 0\n[Tue Apr 14 13:12:13 2026] inactive_anon 896929792\n[Tue Apr 14 13:12:13 2026] active_anon 4096\n[Tue Apr 14 13:12:13 2026] inactive_file 24576\n[Tue Apr 14 13:12:13 2026] active_file 0\n[Tue Apr 14 13:12:13 2026] slab_reclaimable 140232\n[Tue Apr 14 13:12:13 2026] slab_unreclaimable 111534304\n[Tue Apr 14 13:12:13 2026] slab 111674536\n[Tue Apr 14 13:12:13 2026] workingset_refault_anon 0\n[Tue Apr 14 13:12:13 2026] workingset_refault_file 6483750\n[Tue Apr 14 13:12:13 2026] pgscan_direct 81973815\n[Tue Apr 14 13:12:13 2026] pgsteal_direct 6485947\n[Tue Apr 14 13:12:13 2026] pgfault 94241795\n[Tue Apr 14 13:12:13 2026] pgmajfault 331780\n[Tue Apr 14 13:12:13 2026] thp_fault_alloc 0\n[Tue Apr 14 13:12:13 2026] thp_collapse_alloc 0\n[Tue Apr 14 13:12:13 2026] Tasks state (memory values in pages):\n[Tue Apr 14 13:12:13 2026] [  pid  ]   uid  tgid total_vm      rss pgtables_bytes swapents oom_score_adj name\n[Tue Apr 14 13:12:13 2026] [  17976]     0 17976     3161      960    65536        0             0 python\n[Tue Apr 14 13:12:13 2026] [  18038]     0 18038    15962    13556   167936        0             0 python\n[Tue Apr 14 13:12:13 2026] [  18064]     0 18064    15962    13524   167936        0             0 python\n[Tue Apr 14 13:12:13 2026] [  18220]     0 18220    15962    13556   167936        0             0 python\n[Tue Apr 14 13:12:13 2026] [  18309]     0 18309    15962    13556   167936        0             0 python\n[Tue Apr 14 13:12:13 2026] [  19294]     0 19294    15962    13556   167936        0             0 python\n[Tue Apr 14 13:12:13 2026] [  19311]     0 19311    15962    13556   167936        0             0 python\n[Tue Apr 14 13:12:13 2026] [  26456]     0 26456    15962    13601   167936        0             0 python\n[Tue Apr 14 13:12:13 2026] [  26706]     0 26706    15962    11273   151552        0             0 python\n[Tue Apr 14 13:12:13 2026] [  26707]     0 26707    15962    10723   147456        0             0 python\n[Tue Apr 14 13:12:13 2026] [  26708]     0 26708    15962    10499   143360        0             0 python\n[Tue Apr 14 13:12:13 2026] [  26709]     0 26709    15962    11043   147456        0             0 python\n[Tue Apr 14 13:12:13 2026] [  26710]     0 26710    15962    11811   155648        0             0 python\n[Tue Apr 14 13:12:13 2026] [  26711]     0 26711    15962    10755   147456        0             0 python\n[Tue Apr 14 13:12:13 2026] [  26712]     0 26712    15962    12931   163840        0             0 python\n[Tue Apr 14 13:12:13 2026] [  26713]     0 26713    15962    13763   167936        0             0 python\n[Tue Apr 14 13:12:13 2026] [  26714]     0 26714    15962     9347   135168        0             0 python\n[Tue Apr 14 13:12:13 2026] [  26715]     0 26715    15962     9379   135168        0             0 python\n[Tue Apr 14 13:12:13 2026] [  26716]     0 26716    15962    11651   155648        0             0 python\n[Tue Apr 14 13:12:13 2026] [  26717]     0 26717    15962    11107   151552        0             0 python\n[Tue Apr 14 13:12:13 2026] [  26718]     0 26718    15962     2499    81920        0             0 python\n[Tue Apr 14 13:12:13 2026] [  26719]     0 26719    15962     3139    86016        0             0 python\n[Tue Apr 14 13:12:13 2026] [  26720]     0 26720     3161      965    65536        0             0 python\n[Tue Apr 14 13:12:13 2026] oom-kill:constraint=CONSTRAINT_MEMCG,nodemask=(null),cpuset=e14e45fd1b2c06e2cd6ab8128ba196644da7f96d0c79430a7ac0eff833a79a89,mems_allowed=0,oom_memcg=/docker/e14e45fd1b2c06e2cd6ab8128ba196644da7f96d0c79430a7ac0eff833a79a89,task_memcg=/docker/e14e45fd1b2c06e2cd6ab8128ba196644da7f96d0c79430a7ac0eff833a79a89,task=python,pid=26713,uid=0\n[Tue Apr 14 13:12:13 2026] Memory cgroup out of memory: Killed process 26713 (python) total-vm:63848kB, anon-rss:54668kB, file-rss:384kB, shmem-rss:0kB, UID:0 pgtables:164kB oom_score_adj:0", "parsed_fields": {"kernel_version": "6.6.87.2-microsoft-standard-WSL2", "invoked_by": "python", "gfp_mask": "0xcc0", "order": 0, "total_ram_pages": null, "swap_total_kb": 0, "swap_free_kb": 0, "zone_info": [], "process_table": [{"pid": 26713, "uid": 0, "name": "python", "rss_kb": 55052, "oom_score_adj": 0}, {"pid": 26456, "uid": 0, "name": "python", "rss_kb": 54404, "oom_score_adj": 0}, {"pid": 18038, "uid": 0, "name": "python", "rss_kb": 54224, "oom_score_adj": 0}, {"pid": 18220, "uid": 0, "name": "python", "rss_kb": 54224, "oom_score_adj": 0}, {"pid": 18309, "uid": 0, "name": "python", "rss_kb": 54224, "oom_score_adj": 0}, {"pid": 19294, "uid": 0, "name": "python", "rss_kb": 54224, "oom_score_adj": 0}, {"pid": 19311, "uid": 0, "name": "python", "rss_kb": 54224, "oom_score_adj": 0}, {"pid": 18064, "uid": 0, "name": "python", "rss_kb": 54096, "oom_score_adj": 0}, {"pid": 26712, "uid": 0, "name": "python", "rss_kb": 51724, "oom_score_adj": 0}, {"pid": 26710, "uid": 0, "name": "python", "rss_kb": 47244, "oom_score_adj": 0}, {"pid": 26716, "uid": 0, "name": "python", "rss_kb": 46604, "oom_score_adj": 0}, {"pid": 26706, "uid": 0, "name": "python", "rss_kb": 45092, "oom_score_adj": 0}, {"pid": 26717, "uid": 0, "name": "python", "rss_kb": 44428, "oom_score_adj": 0}, {"pid": 26709, "uid": 0, "name": "python", "rss_kb": 44172, "oom_score_adj": 0}, {"pid": 26711, "uid": 0, "name": "python", "rss_kb": 43020, "oom_score_adj": 0}, {"pid": 26707, "uid": 0, "name": "python", "rss_kb": 42892, "oom_score_adj": 0}, {"pid": 26708, "uid": 0, "name": "python", "rss_kb": 41996, "oom_score_adj": 0}, {"pid": 26715, "uid": 0, "name": "python", "rss_kb": 37516, "oom_score_adj": 0}, {"pid": 26714, "uid": 0, "name": "python", "rss_kb": 37388, "oom_score_adj": 0}, {"pid": 26719, "uid": 0, "name": "python", "rss_kb": 12556, "oom_score_adj": 0}, {"pid": 26718, "uid": 0, "name": "python", "rss_kb": 9996, "oom_score_adj": 0}, {"pid": 26720, "uid": 0, "name": "python", "rss_kb": 3860, "oom_score_adj": 0}, {"pid": 17976, "uid": 0, "name": "python", "rss_kb": 3840, "oom_score_adj": 0}], "killed_process": {"pid": 26713, "name": "python"}, "killed_rss_kb": 54668, "constraint": "CONSTRAINT_MEMCG", "cgroup_path": "/docker/e14e45fd1b2c06e2cd6ab8128ba196644da7f96d0c79430a7ac0eff833a79a89", "cgroup_usage_kb": 1048576, "cgroup_limit_kb": 1048576, "cgroup_failcnt": 15191708}, "log_env": {"kernel_version": "6.6.87.2-microsoft-standard-WSL2", "collected_env": "Docker on WSL2 (real reproduction)", "is_synthetic": false, "vm_spec": "Container: 1GB memory limit, 0 swap (--memory=1g --memory-swap=1g)", "os": "python:3.11-slim container", "reproduce_method": "Python fork bomb: parent process calls os.fork() in infinite loop, each child allocates 50MB via bytearray and touches all pages. In 1GB cgroup, ~20 children coexist before OOM. OOM kills one child, parent forks another, creating continuous kill-respawn cycle. failcnt 15191708 (15M failures) and 350 Killed processes in full dmesg confirm sustained thrashing. kernel 176783360 bytes (~168MB) of kernel overhead from process management (pagetables, kernel_stack, slab) is unusually high — slab_unreclaimable 111534304 (~106MB) from task_struct/mm_struct accumulation of rapid fork/kill cycles. Call trace: do_anonymous_page → __mem_cgroup_charge → try_charge_memcg → mem_cgroup_out_of_memory"}}
{"log_id": "log_019", "raw_log": "[Tue Apr 14 13:15:25 2026] cgroup_stress invoked oom-killer: gfp_mask=0x100cca(GFP_HIGHUSER_MOVABLE), order=0, oom_score_adj=0\n[Tue
Apr 14 13:15:25 2026] CPU: 2 PID: 28472 Comm: cgroup_stress Not tainted 6.6.87.2-microsoft-standard-WSL2 #1\n[Tue Apr 14 13:15:25 2026] Call Trace:\n[Tue Apr 14 13:15:25 2026]  <TASK>\n[Tue Apr 14 13:15:25 2026]  dump_stack_lvl+0x4c/0x70\n[Tue Apr 14 13:15:25 2026]  dump_stack+0x14/0x20\n[Tue Apr 14 13:15:25 2026]  dump_header+0x51/0x260\n[Tue Apr 14 13:15:25 2026]  oom_kill_process+0x100/0x1a0\n[Tue Apr 14 13:15:25 2026]  out_of_memory+0x11d/0x560\n[Tue Apr 14 13:15:25 2026]  mem_cgroup_out_of_memory+0x13b/0x150\n[Tue Apr 14 13:15:25 2026]  try_charge_memcg+0x76b/0x830\n[Tue Apr 14 13:15:25 2026]  ? __filemap_add_folio+0x172/0x510\n[Tue Apr 14 13:15:25 2026]  charge_memcg+0x35/0xb0\n[Tue Apr 14 13:15:25 2026]  __mem_cgroup_charge+0x31/0x90\n[Tue Apr 14 13:15:25 2026]  __filemap_add_folio+0x172/0x510\n[Tue Apr 14 13:15:25 2026]  filemap_add_folio+0x40/0xb0\n[Tue Apr 14 13:15:25 2026]  __filemap_get_folio+0x129/0x2e0\n[Tue Apr 14 13:15:25 2026]  filemap_fault+0x177/0xc80\n[Tue Apr 14 13:15:25 2026]  __do_fault+0x36/0x170\n[Tue Apr 14 13:15:25 2026]  do_fault+0x2b5/0x570\n[Tue Apr 14 13:15:25 2026]  __handle_mm_fault+0x751/0x840\n[Tue Apr 14 13:15:25 2026]  handle_mm_fault+0xc7/0x2f0\n[Tue Apr 14 13:15:25 2026]  do_user_addr_fault+0x239/0x660\n[Tue Apr 14 13:15:25 2026]  exc_page_fault+0x73/0x160\n[Tue Apr 14 13:15:25 2026]  asm_exc_page_fault+0x2b/0x30\n[Tue Apr 14 13:15:25 2026]  </TASK>\n[Tue
Apr 14 13:15:25 2026] memory: usage 262144kB, limit 262144kB, failcnt 308\n[Tue
Apr 14 13:15:25 2026] swap: usage 0kB, limit 0kB, failcnt 0\n[Tue Apr 14 13:15:25 2026] Memory cgroup stats for /docker/d09905af544b6cd81a7b59302db5188bfdc433837f636cb5bc0bb9218b6596d9:\n[Tue Apr 14 13:15:25 2026] anon 267579392\n[Tue Apr 14 13:15:25 2026] file 16384\n[Tue Apr 14 13:15:25 2026] kernel 831488\n[Tue Apr 14 13:15:25 2026] kernel_stack 16384\n[Tue Apr 14 13:15:25 2026] pagetables 552960\n[Tue Apr 14 13:15:25 2026] shmem 0\n[Tue Apr 14 13:15:25 2026] inactive_anon 267558912\n[Tue Apr 14 13:15:25 2026] active_anon 4096\n[Tue Apr 14 13:15:25 2026] inactive_file 0\n[Tue Apr 14 13:15:25 2026] active_file 12288\n[Tue Apr 14 13:15:25 2026] slab_reclaimable 75776\n[Tue Apr 14 13:15:25 2026] slab_unreclaimable 137832\n[Tue Apr 14 13:15:25 2026] slab 213608\n[Tue Apr 14 13:15:25 2026] workingset_refault_anon 0\n[Tue Apr 14 13:15:25 2026] workingset_refault_file 0\n[Tue Apr 14 13:15:25 2026] pgscan_direct 256\n[Tue Apr 14 13:15:25 2026] pgsteal_direct 134\n[Tue Apr 14 13:15:25 2026] pgfault 66430\n[Tue Apr 14 13:15:25 2026] pgmajfault 6\n[Tue Apr 14 13:15:25 2026] thp_fault_alloc 0\n[Tue Apr 14 13:15:25 2026] thp_collapse_alloc 0\n[Tue Apr 14 13:15:25 2026] Tasks state (memory values in pages):\n[Tue Apr 14 13:15:25 2026] [  pid  ]   uid  tgid total_vm      rss pgtables_bytes swapents oom_score_adj name\n[Tue Apr 14 13:15:25 2026] [  28472]     0 28472    66794    65312   565248        0             0 cgroup_stress\n[Tue Apr 14 13:15:25 2026] oom-kill:constraint=CONSTRAINT_MEMCG,nodemask=(null),cpuset=d09905af544b6cd81a7b59302db5188bfdc433837f636cb5bc0bb9218b6596d9,mems_allowed=0,oom_memcg=/docker/d09905af544b6cd81a7b59302db5188bfdc433837f636cb5bc0bb9218b6596d9,task_memcg=/docker/d09905af544b6cd81a7b59302db5188bfdc433837f636cb5bc0bb9218b6596d9,task=cgroup_stress,pid=28472,uid=0\n[Tue Apr 14 13:15:25 2026] Memory cgroup out of memory: Killed process 28472 (cgroup_stress) total-vm:267176kB, anon-rss:261248kB, file-rss:0kB, shmem-rss:0kB, UID:0 pgtables:552kB oom_score_adj:0", "parsed_fields": {"kernel_version": "6.6.87.2-microsoft-standard-WSL2", "invoked_by": "cgroup_stress", "gfp_mask": "0x100cca", "order": 0, "total_ram_pages": null, "swap_total_kb": 0, "swap_free_kb": 0, "zone_info": [], "process_table": [{"pid": 28472, "uid": 0, "name": "cgroup_stress", "rss_kb": 261248, "oom_score_adj": 0}], "killed_process": {"pid": 28472, "name": "cgroup_stress"}, "killed_rss_kb": 261248, "constraint": "CONSTRAINT_MEMCG", "cgroup_path": "/docker/d09905af544b6cd81a7b59302db5188bfdc433837f636cb5bc0bb9218b6596d9", "cgroup_usage_kb": 262144, "cgroup_limit_kb": 262144, "cgroup_failcnt": 308}, "log_env": {"kernel_version": "6.6.87.2-microsoft-standard-WSL2", "collected_env": "Docker on WSL2 (real reproduction)", "is_synthetic": false, "vm_spec": "Container: 256MB memory limit, 0 swap (--memory=256m --memory-swap=256m)", "os": "alpine:3.19 container (cgroup_stress binary)", "reproduce_method": "C program allocates 10MB chunks via malloc+memset in 256MB cgroup container. 25 chunks (250MB) committed before OOM at chunk 26. Call trace: filemap_fault -> __filemap_get_folio -> filemap_add_folio -> __filemap_add_folio -> __mem_cgroup_charge -> charge_memcg -> try_charge_memcg -> mem_cgroup_out_of_memory. Interesting: OOM triggered during filemap_fault (file page cache charge), not do_anonymous_page — this means the cgroup is so full that even loading the binary's code pages from disk fails. anon 267579392 bytes (~255MB) is 97% of limit. failcnt 308 is relatively low (clean single OOM, no thrashing). Single process in container (simplest cgroup OOM baseline)"}}
{"log_id": "log_020", "raw_log": "[Tue Apr 14 14:00:04 2026] boot invoked oom-killer: gfp_mask=0xcc0(GFP_KERNEL), order=0, oom_score_adj=0\n[Tue
Apr 14 14:00:04 2026] CPU: 0 PID: 41883 Comm: boot Not tainted 6.6.87.2-microsoft-standard-WSL2 #1\n[Tue Apr 14 14:00:04 2026] Call Trace:\n[Tue Apr 14 14:00:04 2026]  <TASK>\n[Tue Apr 14 14:00:04 2026]  dump_stack_lvl+0x4c/0x70\n[Tue Apr 14 14:00:04 2026]  dump_stack+0x14/0x20\n[Tue Apr 14 14:00:04 2026]  dump_header+0x51/0x260\n[Tue Apr 14 14:00:04 2026]  oom_kill_process+0x100/0x1a0\n[Tue Apr 14 14:00:04 2026]  out_of_memory+0x11d/0x560\n[Tue Apr 14 14:00:04 2026]  mem_cgroup_out_of_memory+0x13b/0x150\n[Tue Apr 14 14:00:04 2026]  try_charge_memcg+0x76b/0x830\n[Tue Apr 14 14:00:04 2026]  charge_memcg+0x35/0xb0\n[Tue Apr 14 14:00:04 2026]  __mem_cgroup_charge+0x31/0x90\n[Tue Apr 14 14:00:04 2026]  do_anonymous_page+0x98/0x420\n[Tue Apr 14 14:00:04 2026]  __handle_mm_fault+0x818/0x840\n[Tue Apr 14 14:00:04 2026]  handle_mm_fault+0xc7/0x2f0\n[Tue Apr 14 14:00:04 2026]  do_user_addr_fault+0x188/0x660\n[Tue Apr 14 14:00:04 2026]  exc_page_fault+0x73/0x160\n[Tue Apr 14 14:00:04 2026]  asm_exc_page_fault+0x2b/0x30\n[Tue
Apr 14 14:00:04 2026] RIP: 0033:0x7e41c434928a\n[Tue
Apr 14 14:00:04 2026] Code: c5 fe 7f 07 c5 fe 7f 47 20 c5 fe 7f 47 40 c5 fe 7f 47 60 c5 f8 77 c3 66 0f 1f 84 00 00 00 00 00 40 0f b6 c6 48 89 d1 48 89 fa <f3> aa 48 89 d0 c5 f8 77 c3 66 66 2e 0f 1f 84 00 00 00 00 00 66 90\n[Tue
Apr 14 14:00:04 2026] RSP: 002b:00007e41b786a2a8 EFLAGS: 00010206\n[Tue
Apr 14 14:00:04 2026] RAX: 0000000000000000 RBX: 0000000003a1f280 RCX: 000000000014e2c0\n[Tue
Apr 14 14:00:04 2026] RDX: 00007e41b2b8e2c0 RSI: 0000000000000000 RDI: 00007e41b2e40000\n[Tue
Apr 14 14:00:04 2026] RBP: 00007e41b786a2e0 R08: 00007e41b2f8e2d0 R09: 0000000002f8f000\n[Tue
Apr 14 14:00:04 2026] R10: 00000000004000a0 R11: 417524b57a5ccc19 R12: 0000000000400000\n[Tue
Apr 14 14:00:04 2026] R13: 0000000000000020 R14: 00007e41b2b76a80 R15: 00007e41b2b8a2c0\n[Tue Apr 14 14:00:04 2026]  </TASK>\n[Tue
Apr 14 14:00:04 2026] memory: usage 409600kB, limit 409600kB, failcnt 27522\n[Tue
Apr 14 14:00:04 2026] swap: usage 0kB, limit 0kB, failcnt 0\n[Tue Apr 14 14:00:04 2026] Memory cgroup stats for /docker/06f7fc445703fe26308c7717e58fec4fcdc230f42acd295faddaf6d9ff88c107:\n[Tue Apr 14 14:00:04 2026] anon 415588352\n[Tue Apr 14 14:00:04 2026] file 299008\n[Tue Apr 14 14:00:04 2026] kernel 3543040\n[Tue Apr 14 14:00:04 2026] kernel_stack 376832\n[Tue Apr 14 14:00:04 2026] pagetables 1806336\n[Tue Apr 14 14:00:04 2026] sec_pagetables 0\n[Tue Apr 14 14:00:04 2026] percpu 6208\n[Tue Apr 14 14:00:04 2026] sock 0\n[Tue Apr 14 14:00:04 2026] vmalloc 12288\n[Tue Apr 14 14:00:04 2026] shmem 0\n[Tue Apr 14 14:00:04 2026] file_mapped 0\n[Tue Apr 14 14:00:04 2026] file_dirty 24576\n[Tue Apr 14 14:00:04 2026] file_writeback 0\n[Tue Apr 14 14:00:04 2026] swapcached 0\n[Tue Apr 14 14:00:04 2026] anon_thp 0\n[Tue Apr 14 14:00:04 2026] file_thp 0\n[Tue Apr 14 14:00:04 2026] shmem_thp 0\n[Tue Apr 14 14:00:04 2026] inactive_anon 415514624\n[Tue Apr 14 14:00:04 2026] active_anon 8192\n[Tue Apr 14 14:00:04 2026] inactive_file 208896\n[Tue Apr 14 14:00:04 2026] active_file 36864\n[Tue Apr 14 14:00:04 2026] unevictable 0\n[Tue Apr 14 14:00:04 2026] slab_reclaimable 786016\n[Tue Apr 14 14:00:04 2026] slab_unreclaimable 469560\n[Tue Apr 14 14:00:04 2026] slab 1255576\n[Tue Apr 14 14:00:04 2026] workingset_refault_anon 0\n[Tue Apr 14 14:00:04 2026] workingset_refault_file 3332\n[Tue Apr 14 14:00:04 2026] workingset_activate_anon 0\n[Tue Apr 14 14:00:04 2026] workingset_activate_file 0\n[Tue Apr 14 14:00:04 2026] workingset_restore_anon 0\n[Tue Apr 14 14:00:04 2026] workingset_restore_file 0\n[Tue Apr 14 14:00:04 2026] workingset_nodereclaim 0\n[Tue Apr 14 14:00:04 2026] pgscan 33803\n[Tue Apr 14 14:00:04 2026] pgsteal 27850\n[Tue Apr 14 14:00:04 2026] pgscan_kswapd 0\n[Tue Apr 14 14:00:04 2026] pgscan_direct 33803\n[Tue Apr 14 14:00:04 2026] pgscan_khugepaged 0\n[Tue Apr 14 14:00:04 2026] pgsteal_kswapd 0\n[Tue Apr 14 14:00:04 2026] pgsteal_direct 27850\n[Tue Apr 14 14:00:04 2026] pgsteal_khugepaged 0\n[Tue Apr 14 14:00:04 2026] pgfault 227730\n[Tue Apr 14 14:00:04 2026] pgmajfault 0\n[Tue Apr 14 14:00:04 2026] pgrefill 407\n[Tue Apr 14 14:00:04 2026] pgactivate 1468\n[Tue Apr 14 14:00:04 2026] pgdeactivate 407\n[Tue Apr 14 14:00:04 2026] pglazyfree 0\n[Tue Apr 14 14:00:04 2026] pglazyfreed 0\n[Tue Apr 14 14:00:04 2026] thp_fault_alloc 0\n[Tue Apr 14 14:00:04 2026] thp_collapse_alloc 0\n[Tue Apr 14 14:00:04 2026] Tasks state (memory values in pages):\n[Tue Apr 14 14:00:04 2026] [  pid  ]   uid  tgid total_vm      rss pgtables_bytes swapents oom_score_adj name\n[Tue Apr 14 14:00:04 2026] [  41706]   999 41706     1116      832    57344        0             0 bash\n[Tue Apr 14 14:00:04 2026] [  41880]   999 41880    75474    63840   630784        0             0 mysqld\n[Tue Apr 14 14:00:04 2026] [  41882]   999 41882   524081   106194  1155072        0             0 mysqld\n[Tue Apr 14 14:00:04 2026] oom-kill:constraint=CONSTRAINT_MEMCG,nodemask=(null),cpuset=06f7fc445703fe26308c7717e58fec4fcdc230f42acd295faddaf6d9ff88c107,mems_allowed=0,oom_memcg=/docker/06f7fc445703fe26308c7717e58fec4fcdc230f42acd295faddaf6d9ff88c107,task_memcg=/docker/06f7fc445703fe26308c7717e58fec4fcdc230f42acd295faddaf6d9ff88c107,task=mysqld,pid=41882,uid=999\n[Tue Apr 14 14:00:04 2026] Memory cgroup out of memory: Killed process 41882 (mysqld) total-vm:2096324kB, anon-rss:403076kB, file-rss:21700kB, shmem-rss:0kB, UID:999 pgtables:1128kB oom_score_adj:0", "parsed_fields": {"kernel_version": "6.6.87.2-microsoft-standard-WSL2", "invoked_by": "boot", "gfp_mask": "0xcc0", "order": 0, "total_ram_pages": null, "swap_total_kb": 0, "swap_free_kb": 0, "zone_info": [], "process_table": [{"pid": 41882, "uid": 999, "name": "mysqld", "rss_kb": 424776, "oom_score_adj": 0}, {"pid": 41880, "uid": 999, "name": "mysqld", "rss_kb": 255360, "oom_score_adj": 0}, {"pid": 41706, "uid": 999, "name": "bash", "rss_kb": 3328, "oom_score_adj": 0}], "killed_process": {"pid": 41882, "name": "mysqld"}, "killed_rss_kb": 403076, "constraint": "CONSTRAINT_MEMCG", "cgroup_path": "/docker/06f7fc445703fe26308c7717e58fec4fcdc230f42acd295faddaf6d9ff88c107", "cgroup_usage_kb": 409600, "cgroup_limit_kb": 409600, "cgroup_failcnt": 27522}, "log_env": {"kernel_version": "6.6.87.2-microsoft-standard-WSL2", "collected_env": "Docker on WSL2 (real reproduction)", "is_synthetic": false, "vm_spec": "Container: 400MB memory limit, 0 swap", "os": "mysql:8.0 container", "reproduce_method": "MySQL 8 with innodb_buffer_pool_size=1GB in 400MB cgroup. InnoDB tries to allocate 1GB buffer pool at startup, exceeding container limit. OOM fires during anonymous page allocation for buffer pool pages."}}
{"log_id": "log_021", "raw_log": "[Tue Apr 14 14:26:56 2026] GC Thread#10 invoked oom-killer: gfp_mask=0xcc0(GFP_KERNEL), order=0, oom_score_adj=0\n[Tue
Apr 14 14:26:56 2026] CPU: 9 PID: 61485 Comm: GC Thread#10 Not tainted 6.6.87.2-microsoft-standard-WSL2 #1\n[Tue Apr 14 14:26:56 2026] Call Trace:\n[Tue Apr 14 14:26:56 2026]  <TASK>\n[Tue Apr 14 14:26:56 2026]  dump_stack_lvl+0x4c/0x70\n[Tue Apr 14 14:26:56 2026]  dump_stack+0x14/0x20\n[Tue Apr 14 14:26:56 2026]  dump_header+0x51/0x260\n[Tue Apr 14 14:26:56 2026]  oom_kill_process+0x100/0x1a0\n[Tue Apr 14 14:26:56 2026]  out_of_memory+0x11d/0x560\n[Tue Apr 14 14:26:56 2026]  mem_cgroup_out_of_memory+0x13b/0x150\n[Tue Apr 14 14:26:56 2026]  try_charge_memcg+0x76b/0x830\n[Tue Apr 14 14:26:56 2026]  charge_memcg+0x35/0xb0\n[Tue Apr 14 14:26:56 2026]  __mem_cgroup_charge+0x31/0x90\n[Tue Apr 14 14:26:56 2026]  do_anonymous_page+0x98/0x420\n[Tue Apr 14 14:26:56 2026]  __handle_mm_fault+0x818/0x840\n[Tue Apr 14 14:26:56 2026]  handle_mm_fault+0xc7/0x2f0\n[Tue Apr 14 14:26:56 2026]  do_user_addr_fault+0x188/0x660\n[Tue Apr 14 14:26:56 2026]  exc_page_fault+0x73/0x160\n[Tue Apr 14 14:26:56 2026]  asm_exc_page_fault+0x2b/0x30\n[Tue
Apr 14 14:26:56 2026] RIP: 0033:0x7649d991082d\n[Tue
Apr 14 14:26:56 2026] Code: 73 31 48 89 d0 48 83 ee 01 48 f7 d8 48 21 c7 48 21 c6 31 c0 f0 0f c1 07 48 39 f7 73 16 31 c9 66 0f 1f 44 00 00 48 01 d7 89 c8 <f0> 0f c1 07 48 39 f7 72 f2 c3 90 0f 1f 84 00 00 00 00 00 55 89 f2\n[Tue
Apr 14 14:26:56 2026] RSP: 002b:00007649b872ddf8 EFLAGS: 00010206\n[Tue
Apr 14 14:26:56 2026] RAX: 0000000000000000 RBX: 00007649d8ae0830 RCX: 0000000000000000\n[Tue
Apr 14 14:26:56 2026] RDX: 0000000000001000 RSI: 00000000f33ff000 RDI: 00000000f32b2000\n[Tue
Apr 14 14:26:56 2026] RBP: 00007649b872de10 R08: 00000000ffffffff R09: 00007649b872dca0\n[Tue
Apr 14 14:26:56 2026] R10: 0000000000000010 R11: 0000000000000246 R12: 00007649d8ae0848\n[Tue
Apr 14 14:26:56 2026] R13: 00007649d408ebe0 R14: 0000000000000001 R15: 0000000000000007\n[Tue Apr 14 14:26:56 2026]  </TASK>\n[Tue
Apr 14 14:26:56 2026] memory: usage 409600kB, limit 409600kB, failcnt 114\n[Tue
Apr 14 14:26:56 2026] swap: usage 0kB, limit 0kB, failcnt 0\n[Tue Apr 14 14:26:56 2026] Memory cgroup stats for /docker/7db23507daa06dc4d12c4e5984fbe7a1b40818fb82e822179bb9b567576b9c03:\n[Tue Apr 14 14:26:56 2026] anon 416321536\n[Tue Apr 14 14:26:56 2026] file 110592\n[Tue Apr 14 14:26:56 2026] kernel 2998272\n[Tue Apr 14 14:26:56 2026] kernel_stack 507904\n[Tue Apr 14 14:26:56 2026] pagetables 1343488\n[Tue Apr 14 14:26:56 2026] sec_pagetables 0\n[Tue Apr 14 14:26:56 2026] percpu 6208\n[Tue Apr 14 14:26:56 2026] sock 0\n[Tue Apr 14 14:26:56 2026] vmalloc 12288\n[Tue Apr 14 14:26:56 2026] shmem 0\n[Tue Apr 14 14:26:56 2026] file_mapped 0\n[Tue Apr 14 14:26:56 2026] file_dirty 77824\n[Tue Apr 14 14:26:56 2026] file_writeback 0\n[Tue Apr 14 14:26:56 2026] swapcached 0\n[Tue Apr 14 14:26:56 2026] anon_thp 0\n[Tue Apr 14 14:26:56 2026] file_thp 0\n[Tue Apr 14 14:26:56 2026] shmem_thp 0\n[Tue Apr 14 14:26:56 2026] inactive_anon 416235520\n[Tue Apr 14 14:26:56 2026] active_anon 12288\n[Tue Apr 14 14:26:56 2026] inactive_file 53248\n[Tue Apr 14 14:26:56 2026] active_file 53248\n[Tue Apr 14 14:26:56 2026] unevictable 0\n[Tue Apr 14 14:26:56 2026] slab_reclaimable 432592\n[Tue Apr 14 14:26:56 2026] slab_unreclaimable 597912\n[Tue Apr 14 14:26:56 2026] slab 1030504\n[Tue Apr 14 14:26:56 2026] workingset_refault_anon 0\n[Tue Apr 14 14:26:56 2026] workingset_refault_file 0\n[Tue Apr 14 14:26:56 2026] workingset_activate_anon 0\n[Tue Apr 14 14:26:56 2026] workingset_activate_file 0\n[Tue Apr 14 14:26:56 2026] workingset_restore_anon 0\n[Tue Apr 14 14:26:56 2026] workingset_restore_file 0\n[Tue Apr 14 14:26:56 2026] workingset_nodereclaim 0\n[Tue Apr 14 14:26:56 2026] pgscan 1164\n[Tue Apr 14 14:26:56 2026] pgsteal 4\n[Tue Apr 14 14:26:56 2026] pgscan_kswapd 0\n[Tue Apr 14 14:26:56 2026] pgscan_direct 1164\n[Tue Apr 14 14:26:56 2026] pgscan_khugepaged 0\n[Tue Apr 14 14:26:56 2026] pgsteal_kswapd 0\n[Tue Apr 14 14:26:56 2026] pgsteal_direct 4\n[Tue Apr 14 14:26:56 2026] pgsteal_khugepaged 0\n[Tue Apr 14 14:26:56 2026] pgfault 122211\n[Tue Apr 14 14:26:56 2026] pgmajfault 0\n[Tue Apr 14 14:26:56 2026] pgrefill 1140\n[Tue Apr 14 14:26:56 2026] pgactivate 1145\n[Tue Apr 14 14:26:56 2026] pgdeactivate 1140\n[Tue Apr 14 14:26:56 2026] pglazyfree 0\n[Tue Apr 14 14:26:56 2026] pglazyfreed 0\n[Tue Apr 14 14:26:56 2026] thp_fault_alloc 0\n[Tue Apr 14 14:26:56 2026] thp_collapse_alloc 0\n[Tue Apr 14 14:26:56 2026] Tasks state (memory values in pages):\n[Tue Apr 14 14:26:56 2026] [  pid  ]   uid  tgid total_vm      rss pgtables_bytes swapents oom_score_adj name\n[Tue Apr 14 14:26:56 2026] [  61374]  1000 61374      625      288    49152        0             0 tini\n[Tue Apr 14 14:26:56 2026] [  61399]  1000 61399   634528    25219   405504        0             0 java\n[Tue Apr 14 14:26:56 2026] [  61470]  1000 61470   482595    85152   933888        0             0 java\n[Tue Apr 14 14:26:56 2026] oom-kill:constraint=CONSTRAINT_MEMCG,nodemask=(null),cpuset=7db23507daa06dc4d12c4e5984fbe7a1b40818fb82e822179bb9b567576b9c03,mems_allowed=0,oom_memcg=/docker/7db23507daa06dc4d12c4e5984fbe7a1b40818fb82e822179bb9b567576b9c03,task_memcg=/docker/7db23507daa06dc4d12c4e5984fbe7a1b40818fb82e822179bb9b567576b9c03,task=java,pid=61470,uid=1000\n[Tue Apr 14 14:26:56 2026] Memory cgroup out of memory: Killed process 61470 (java) total-vm:1930380kB, anon-rss:327168kB, file-rss:13440kB, shmem-rss:0kB, UID:1000 pgtables:912kB oom_score_adj:0", "parsed_fields": {"kernel_version": "6.6.87.2-microsoft-standard-WSL2", "invoked_by": null, "gfp_mask": "0xcc0", "order": 0, "total_ram_pages": null, "swap_total_kb": 0, "swap_free_kb": 0, "zone_info": [], "process_table": [{"pid": 61470, "uid": 1000, "name": "java", "rss_kb": 340608, "oom_score_adj": 0}, {"pid": 61399, "uid": 1000, "name": "java", "rss_kb": 100876, "oom_score_adj": 0}, {"pid": 61374, "uid": 1000, "name": "tini", "rss_kb": 1152, "oom_score_adj": 0}], "killed_process": {"pid": 61470, "name": "java"}, "killed_rss_kb": 327168, "constraint": "CONSTRAINT_MEMCG", "cgroup_path": "/docker/7db23507daa06dc4d12c4e5984fbe7a1b40818fb82e822179bb9b567576b9c03", "cgroup_usage_kb": 409600, "cgroup_limit_kb": 409600, "cgroup_failcnt": 114}, "log_env": {"kernel_version": "6.6.87.2-microsoft-standard-WSL2", "collected_env": "Docker on WSL2 (real reproduction)", "is_synthetic": false, "vm_spec": "Container: 400MB memory limit, 0 swap", "os": "elasticsearch:8.13.0 container", "reproduce_method": "Elasticsearch 8 with ES_JAVA_OPTS=-Xms512m -Xmx512m in 400MB cgroup. JVM heap(512MB) alone exceeds container limit(400MB), plus Lucene off-heap segments and kernel overhead."}}
